Archive member included to satisfy reference by file (symbol)

e:/env/gcc-arm-none-eabi-10.3-2021.10/bin/../lib/gcc/arm-none-eabi/10.3.1/../../../../arm-none-eabi/lib/thumb/v7-m/nofp\libstdc++.a(atexit_arm.o)
                              CMakeFiles/STM32F101_LCD.elf.dir/UICode/UIcode.cpp.obj (__aeabi_atexit)
e:/env/gcc-arm-none-eabi-10.3-2021.10/bin/../lib/gcc/arm-none-eabi/10.3.1/../../../../arm-none-eabi/lib/thumb/v7-m/nofp\libstdc++.a(class_type_info.o)
                              CMakeFiles/STM32F101_LCD.elf.dir/UICode/UIcode.cpp.obj (vtable for __cxxabiv1::__class_type_info)
e:/env/gcc-arm-none-eabi-10.3-2021.10/bin/../lib/gcc/arm-none-eabi/10.3.1/../../../../arm-none-eabi/lib/thumb/v7-m/nofp\libstdc++.a(del_ops.o)
                              CMakeFiles/STM32F101_LCD.elf.dir/UICode/UIcode.cpp.obj (operator delete(void*, unsigned int))
e:/env/gcc-arm-none-eabi-10.3-2021.10/bin/../lib/gcc/arm-none-eabi/10.3.1/../../../../arm-none-eabi/lib/thumb/v7-m/nofp\libstdc++.a(guard.o)
                              CMakeFiles/STM32F101_LCD.elf.dir/UICode/UIcode.cpp.obj (__cxa_guard_acquire)
e:/env/gcc-arm-none-eabi-10.3-2021.10/bin/../lib/gcc/arm-none-eabi/10.3.1/../../../../arm-none-eabi/lib/thumb/v7-m/nofp\libstdc++.a(guard_error.o)
                              e:/env/gcc-arm-none-eabi-10.3-2021.10/bin/../lib/gcc/arm-none-eabi/10.3.1/../../../../arm-none-eabi/lib/thumb/v7-m/nofp\libstdc++.a(guard.o) (__gnu_cxx::recursive_init_error::~recursive_init_error())
e:/env/gcc-arm-none-eabi-10.3-2021.10/bin/../lib/gcc/arm-none-eabi/10.3.1/../../../../arm-none-eabi/lib/thumb/v7-m/nofp\libstdc++.a(pure.o)
                              CMakeFiles/STM32F101_LCD.elf.dir/UICode/UIcode.cpp.obj (__cxa_pure_virtual)
e:/env/gcc-arm-none-eabi-10.3-2021.10/bin/../lib/gcc/arm-none-eabi/10.3.1/../../../../arm-none-eabi/lib/thumb/v7-m/nofp\libstdc++.a(si_class_type_info.o)
                              CMakeFiles/STM32F101_LCD.elf.dir/UICode/UIcode.cpp.obj (vtable for __cxxabiv1::__si_class_type_info)
e:/env/gcc-arm-none-eabi-10.3-2021.10/bin/../lib/gcc/arm-none-eabi/10.3.1/../../../../arm-none-eabi/lib/thumb/v7-m/nofp\libstdc++.a(tinfo.o)
                              e:/env/gcc-arm-none-eabi-10.3-2021.10/bin/../lib/gcc/arm-none-eabi/10.3.1/../../../../arm-none-eabi/lib/thumb/v7-m/nofp\libstdc++.a(class_type_info.o) (std::type_info::~type_info())
e:/env/gcc-arm-none-eabi-10.3-2021.10/bin/../lib/gcc/arm-none-eabi/10.3.1/../../../../arm-none-eabi/lib/thumb/v7-m/nofp\libstdc++.a(del_op.o)
                              e:/env/gcc-arm-none-eabi-10.3-2021.10/bin/../lib/gcc/arm-none-eabi/10.3.1/../../../../arm-none-eabi/lib/thumb/v7-m/nofp\libstdc++.a(del_ops.o) (operator delete(void*))
e:/env/gcc-arm-none-eabi-10.3-2021.10/bin/../lib/gcc/arm-none-eabi/10.3.1/../../../../arm-none-eabi/lib/thumb/v7-m/nofp\libstdc++.a(eh_alloc.o)
                              e:/env/gcc-arm-none-eabi-10.3-2021.10/bin/../lib/gcc/arm-none-eabi/10.3.1/../../../../arm-none-eabi/lib/thumb/v7-m/nofp\libstdc++.a(guard.o) (__cxa_allocate_exception)
e:/env/gcc-arm-none-eabi-10.3-2021.10/bin/../lib/gcc/arm-none-eabi/10.3.1/../../../../arm-none-eabi/lib/thumb/v7-m/nofp\libstdc++.a(eh_exception.o)
                              e:/env/gcc-arm-none-eabi-10.3-2021.10/bin/../lib/gcc/arm-none-eabi/10.3.1/../../../../arm-none-eabi/lib/thumb/v7-m/nofp\libstdc++.a(guard_error.o) (std::exception::~exception())
e:/env/gcc-arm-none-eabi-10.3-2021.10/bin/../lib/gcc/arm-none-eabi/10.3.1/../../../../arm-none-eabi/lib/thumb/v7-m/nofp\libstdc++.a(eh_terminate.o)
                              e:/env/gcc-arm-none-eabi-10.3-2021.10/bin/../lib/gcc/arm-none-eabi/10.3.1/../../../../arm-none-eabi/lib/thumb/v7-m/nofp\libstdc++.a(pure.o) (std::terminate())
e:/env/gcc-arm-none-eabi-10.3-2021.10/bin/../lib/gcc/arm-none-eabi/10.3.1/../../../../arm-none-eabi/lib/thumb/v7-m/nofp\libstdc++.a(eh_throw.o)
                              e:/env/gcc-arm-none-eabi-10.3-2021.10/bin/../lib/gcc/arm-none-eabi/10.3.1/../../../../arm-none-eabi/lib/thumb/v7-m/nofp\libstdc++.a(guard.o) (__cxa_throw)
e:/env/gcc-arm-none-eabi-10.3-2021.10/bin/../lib/gcc/arm-none-eabi/10.3.1/../../../../arm-none-eabi/lib/thumb/v7-m/nofp\libstdc++.a(eh_unex_handler.o)
                              e:/env/gcc-arm-none-eabi-10.3-2021.10/bin/../lib/gcc/arm-none-eabi/10.3.1/../../../../arm-none-eabi/lib/thumb/v7-m/nofp\libstdc++.a(eh_terminate.o) (__cxxabiv1::__unexpected_handler)
e:/env/gcc-arm-none-eabi-10.3-2021.10/bin/../lib/gcc/arm-none-eabi/10.3.1/../../../../arm-none-eabi/lib/thumb/v7-m/nofp\libstdc++.a(vterminate.o)
                              e:/env/gcc-arm-none-eabi-10.3-2021.10/bin/../lib/gcc/arm-none-eabi/10.3.1/../../../../arm-none-eabi/lib/thumb/v7-m/nofp\libstdc++.a(eh_terminate.o) (__gnu_cxx::__verbose_terminate_handler())
e:/env/gcc-arm-none-eabi-10.3-2021.10/bin/../lib/gcc/arm-none-eabi/10.3.1/../../../../arm-none-eabi/lib/thumb/v7-m/nofp\libstdc++.a(cp-demangle.o)
[...]
Memory Configuration

Name             Origin             Length             Attributes
RAM              0x20000000         0x0000c000         xrw
FLASH            0x08000000         0x00040000         xr
*default*        0x00000000         0xffffffff

Linker script and memory map

LOAD e:/env/gcc-arm-none-eabi-10.3-2021.10/bin/../lib/gcc/arm-none-eabi/10.3.1/thumb/v7-m/nofp/crti.o
LOAD e:/env/gcc-arm-none-eabi-10.3-2021.10/bin/../lib/gcc/arm-none-eabi/10.3.1/thumb/v7-m/nofp/crtbegin.o
LOAD e:/env/gcc-arm-none-eabi-10.3-2021.10/bin/../lib/gcc/arm-none-eabi/10.3.1/../../../../arm-none-eabi/lib/thumb/v7-m/nofp/crt0.o
LOAD CMakeFiles/STM32F101_LCD.elf.dir/Core/Src/main.c.obj
LOAD CMakeFiles/STM32F101_LCD.elf.dir/Core/Src/stm32f1xx_hal_msp.c.obj
LOAD CMakeFiles/STM32F101_LCD.elf.dir/Core/Src/stm32f1xx_it.c.obj
LOAD CMakeFiles/STM32F101_LCD.elf.dir/Core/Src/syscalls.c.obj
LOAD CMakeFiles/STM32F101_LCD.elf.dir/Core/Src/sysmem.c.obj
LOAD CMakeFiles/STM32F101_LCD.elf.dir/Core/Src/system_stm32f1xx.c.obj
LOAD CMakeFiles/STM32F101_LCD.elf.dir/Core/Startup/startup_stm32f103rctx.s.obj
LOAD CMakeFiles/STM32F101_LCD.elf.dir/Drivers/STM32F1xx_HAL_Driver/Src/stm32f1xx_hal.c.obj
LOAD CMakeFiles/STM32F101_LCD.elf.dir/Drivers/STM32F1xx_HAL_Driver/Src/stm32f1xx_hal_cortex.c.obj
LOAD CMakeFiles/STM32F101_LCD.elf.dir/Drivers/STM32F1xx_HAL_Driver/Src/stm32f1xx_hal_dma.c.obj
LOAD CMakeFiles/STM32F101_LCD.elf.dir/Drivers/STM32F1xx_HAL_Driver/Src/stm32f1xx_hal_exti.c.obj
LOAD CMakeFiles/STM32F101_LCD.elf.dir/Drivers/STM32F1xx_HAL_Driver/Src/stm32f1xx_hal_flash.c.obj
LOAD CMakeFiles/STM32F101_LCD.elf.dir/Drivers/STM32F1xx_HAL_Driver/Src/stm32f1xx_hal_flash_ex.c.obj
LOAD CMakeFiles/STM32F101_LCD.elf.dir/Drivers/STM32F1xx_HAL_Driver/Src/stm32f1xx_hal_gpio.c.obj
LOAD CMakeFiles/STM32F101_LCD.elf.dir/Drivers/STM32F1xx_HAL_Driver/Src/stm32f1xx_hal_gpio_ex.c.obj
LOAD CMakeFiles/STM32F101_LCD.elf.dir/Drivers/STM32F1xx_HAL_Driver/Src/stm32f1xx_hal_pwr.c.obj
LOAD CMakeFiles/STM32F101_LCD.elf.dir/Drivers/STM32F1xx_HAL_Driver/Src/stm32f1xx_hal_rcc.c.obj
LOAD CMakeFiles/STM32F101_LCD.elf.dir/Drivers/STM32F1xx_HAL_Driver/Src/stm32f1xx_hal_rcc_ex.c.obj
LOAD CMakeFiles/STM32F101_LCD.elf.dir/Drivers/STM32F1xx_HAL_Driver/Src/stm32f1xx_hal_tim.c.obj
LOAD CMakeFiles/STM32F101_LCD.elf.dir/Drivers/STM32F1xx_HAL_Driver/Src/stm32f1xx_hal_tim_ex.c.obj
LOAD CMakeFiles/STM32F101_LCD.elf.dir/Drivers/STM32F1xx_HAL_Driver/Src/stm32f1xx_hal_uart.c.obj
LOAD CMakeFiles/STM32F101_LCD.elf.dir/HardWare/LCD/SSD1289.c.obj
LOAD CMakeFiles/STM32F101_LCD.elf.dir/UICode/UIcode.cpp.obj
LOAD CMakeFiles/STM32F101_LCD.elf.dir/User/UserMain.c.obj
LOAD e:/env/gcc-arm-none-eabi-10.3-2021.10/bin/../lib/gcc/arm-none-eabi/10.3.1/../../../../arm-none-eabi/lib/thumb/v7-m/nofp\libstdc++.a
LOAD e:/env/gcc-arm-none-eabi-10.3-2021.10/bin/../lib/gcc/arm-none-eabi/10.3.1/../../../../arm-none-eabi/lib/thumb/v7-m/nofp\libm.a
START GROUP
LOAD e:/env/gcc-arm-none-eabi-10.3-2021.10/bin/../lib/gcc/arm-none-eabi/10.3.1/thumb/v7-m/nofp\libgcc.a
LOAD e:/env/gcc-arm-none-eabi-10.3-2021.10/bin/../lib/gcc/arm-none-eabi/10.3.1/../../../../arm-none-eabi/lib/thumb/v7-m/nofp\libg.a
LOAD e:/env/gcc-arm-none-eabi-10.3-2021.10/bin/../lib/gcc/arm-none-eabi/10.3.1/../../../../arm-none-eabi/lib/thumb/v7-m/nofp\libc.a
END GROUP
LOAD e:/env/gcc-arm-none-eabi-10.3-2021.10/bin/../lib/gcc/arm-none-eabi/10.3.1/thumb/v7-m/nofp/crtend.o
LOAD e:/env/gcc-arm-none-eabi-10.3-2021.10/bin/../lib/gcc/arm-none-eabi/10.3.1/thumb/v7-m/nofp/crtn.o
                0x2000c000                _estack = (ORIGIN (RAM) + LENGTH (RAM))
                0x00000200                _Min_Heap_Size = 0x200
                0x00000400                _Min_Stack_Size = 0x400

.isr_vector     0x08000000      0x1e4
                0x08000000                . = ALIGN (0x4)
 *(.isr_vector)
 .isr_vector    0x08000000      0x1e4 CMakeFiles/STM32F101_LCD.elf.dir/Core/Startup/startup_stm32f103rctx.s.obj
                0x08000000                g_pfnVectors
                0x080001e4                . = ALIGN (0x4)

.text           0x080001e8    0x15488
                0x080001e8                . = ALIGN (0x4)
 *(.text)
 .text          0x080001e8       0x40 e:/env/gcc-arm-none-eabi-10.3-2021.10/bin/../lib/gcc/arm-none-eabi/10.3.1/thumb/v7-m/nofp/crtbegin.o
 .text          0x08000228     0x5fd8 e:/env/gcc-arm-none-eabi-10.3-2021.10/bin/../lib/gcc/arm-none-eabi/10.3.1/../../../../arm-none-eabi/lib/thumb/v7-m/nofp\libstdc++.a(cp-demangle.o)
                0x08006118                __cxa_demangle
                0x080061dc                __gcclibcxx_demangle_callback
 .text          0x08006200      0x378 e:/env/gcc-arm-none-eabi-10.3-2021.10/bin/../lib/gcc/arm-none-eabi/10.3.1/thumb/v7-m/nofp\libgcc.a(_arm_addsubdf3.o)
                0x08006200                __aeabi_drsub
                0x08006208                __aeabi_dsub
                0x08006208                __subdf3
                0x0800620c                __aeabi_dadd
                0x0800620c                __adddf3
                0x08006484                __floatunsidf
                0x08006484                __aeabi_ui2d
                0x080064a4                __floatsidf
                0x080064a4                __aeabi_i2d
                0x080064c8                __aeabi_f2d
                0x080064c8                __extendsfdf2
                0x0800650c                __floatundidf
                0x0800650c                __aeabi_ul2d
                0x0800651c                __floatdidf
                0x0800651c                __aeabi_l2d
 .text          0x08006578      0x424 e:/env/gcc-arm-none-eabi-10.3-2021.10/bin/../lib/gcc/arm-none-eabi/10.3.1/thumb/v7-m/nofp\libgcc.a(_arm_muldivdf3.o)
                0x08006578                __aeabi_dmul
                0x08006578                __muldf3
                0x080067cc                __divdf3
                0x080067cc                __aeabi_ddiv
 .text          0x0800699c      0x110 e:/env/gcc-arm-none-eabi-10.3-2021.10/bin/../lib/gcc/arm-none-eabi/10.3.1/thumb/v7-m/nofp\libgcc.a(_arm_cmpdf2.o)
                0x0800699c                __gtdf2
                0x0800699c                __gedf2
                0x080069a4                __ltdf2
                0x080069a4                __ledf2
                0x080069ac                __nedf2
                0x080069ac                __eqdf2
                0x080069ac                __cmpdf2
                0x08006a28                __aeabi_cdrcmple
                0x08006a38                __aeabi_cdcmpeq
                0x08006a38                __aeabi_cdcmple
                0x08006a48                __aeabi_dcmpeq
                0x08006a5c                __aeabi_dcmplt
                0x08006a70                __aeabi_dcmple
                0x08006a84                __aeabi_dcmpge
                0x08006a98                __aeabi_dcmpgt
 .text          0x08006aac       0x50 e:/env/gcc-arm-none-eabi-10.3-2021.10/bin/../lib/gcc/arm-none-eabi/10.3.1/thumb/v7-m/nofp\libgcc.a(_arm_fixdfsi.o)
                0x08006aac                __aeabi_d2iz
                0x08006aac                __fixdfsi
 .text          0x08006afc      0x9e4 e:/env/gcc-arm-none-eabi-10.3-2021.10/bin/../lib/gcc/arm-none-eabi/10.3.1/thumb/v7-m/nofp\libgcc.a(unwind-arm.o)
                0x08006dbc                _Unwind_GetCFA
                0x08006dc0                __gnu_Unwind_RaiseException
                0x08006e28                __gnu_Unwind_ForcedUnwind
                0x08006e3c                __gnu_Unwind_Resume
                0x08006e80                __gnu_Unwind_Resume_or_Rethrow
                0x08006e94                _Unwind_Complete
                0x08006e98                _Unwind_DeleteException
                0x08006ea4                _Unwind_VRS_Get
                0x08006ef0                _Unwind_VRS_Set
                0x08006f38                __gnu_Unwind_Backtrace
                0x08007260                __aeabi_unwind_cpp_pr0
                0x08007264                __aeabi_unwind_cpp_pr1
                0x08007268                __aeabi_unwind_cpp_pr2
                0x0800726c                _Unwind_VRS_Pop
 .text          0x080074e0      0x1ac e:/env/gcc-arm-none-eabi-10.3-2021.10/bin/../lib/gcc/arm-none-eabi/10.3.1/thumb/v7-m/nofp\libgcc.a(libunwind.o)
                0x080074e0                __restore_core_regs
                0x080074e0                restore_core_regs
                0x080074f8                __gnu_Unwind_Restore_VFP
                0x08007500                __gnu_Unwind_Save_VFP
                0x08007508                __gnu_Unwind_Restore_VFP_D
                0x08007510                __gnu_Unwind_Save_VFP_D
                0x08007518                __gnu_Unwind_Restore_VFP_D_16_to_31
                0x08007520                __gnu_Unwind_Save_VFP_D_16_to_31
                0x08007528                __gnu_Unwind_Restore_WMMXD
                0x0800756c                __gnu_Unwind_Save_WMMXD
                0x080075b0                __gnu_Unwind_Restore_WMMXC
                0x080075c4                __gnu_Unwind_Save_WMMXC
                0x080075d8                ___Unwind_RaiseException
                0x080075d8                _Unwind_RaiseException
                0x080075fc                _Unwind_Resume
                0x080075fc                ___Unwind_Resume
                0x08007620                _Unwind_Resume_or_Rethrow
                0x08007620                ___Unwind_Resume_or_Rethrow
                0x08007644                _Unwind_ForcedUnwind
                0x08007644                ___Unwind_ForcedUnwind
                0x08007668                ___Unwind_Backtrace
                0x08007668                _Unwind_Backtrace
 .text          0x0800768c      0x38c e:/env/gcc-arm-none-eabi-10.3-2021.10/bin/../lib/gcc/arm-none-eabi/10.3.1/thumb/v7-m/nofp\libgcc.a(pr-support.o)
                0x080076e4                __gnu_unwind_execute
                0x080079c8                __gnu_unwind_frame
                0x080079f8                _Unwind_GetRegionStart
                0x08007a04                _Unwind_GetLanguageSpecificData
 .text          0x08007a18       0xec e:/env/gcc-arm-none-eabi-10.3-2021.10/bin/../lib/gcc/arm-none-eabi/10.3.1/../../../../arm-none-eabi/lib/thumb/v7-m/nofp\libg.a(lib_a-memcpy.o)
                0x08007a18                memcpy
 .text          0x08007b04      0x1bc e:/env/gcc-arm-none-eabi-10.3-2021.10/bin/../lib/gcc/arm-none-eabi/10.3.1/../../../../arm-none-eabi/lib/thumb/v7-m/nofp\libg.a(lib_a-strcmp.o)
                0x08007b04                strcmp
 .text          0x08007cc0       0x2c e:/env/gcc-arm-none-eabi-10.3-2021.10/bin/../lib/gcc/arm-none-eabi/10.3.1/thumb/v7-m/nofp\libgcc.a(_arm_unorddf2.o)
                0x08007cc0                __unorddf2
                0x08007cc0                __aeabi_dcmpun
 .text          0x08007cec       0x30 e:/env/gcc-arm-none-eabi-10.3-2021.10/bin/../lib/gcc/arm-none-eabi/10.3.1/thumb/v7-m/nofp\libgcc.a(_aeabi_uldivmod.o)
                0x08007cec                __aeabi_uldivmod
 .text          0x08007d1c      0x2d4 e:/env/gcc-arm-none-eabi-10.3-2021.10/bin/../lib/gcc/arm-none-eabi/10.3.1/thumb/v7-m/nofp\libgcc.a(_udivmoddi4.o)
                0x08007d1c                __udivmoddi4
 .text          0x08007ff0        0x4 e:/env/gcc-arm-none-eabi-10.3-2021.10/bin/../lib/gcc/arm-none-eabi/10.3.1/thumb/v7-m/nofp\libgcc.a(_dvmd_tls.o)
                0x08007ff0                __aeabi_idiv0
                0x08007ff0                __aeabi_ldiv0
 *(.text*)
 .text.MX_GPIO_Init
                0x08007ff4      0x108 CMakeFiles/STM32F101_LCD.elf.dir/Core/Src/main.c.obj
 .text.Error_Handler
                0x080080fc        0x4 CMakeFiles/STM32F101_LCD.elf.dir/Core/Src/main.c.obj
                0x080080fc                Error_Handler
 .text.MX_USART1_UART_Init
                0x08008100       0x34 CMakeFiles/STM32F101_LCD.elf.dir/Core/Src/main.c.obj
 .text.SystemClock_Config
                0x08008134       0x64 CMakeFiles/STM32F101_LCD.elf.dir/Core/Src/main.c.obj
                0x08008134                SystemClock_Config
 .text.main     0x08008198       0x20 CMakeFiles/STM32F101_LCD.elf.dir/Core/Src/main.c.obj
                0x08008198                main
 .text.HAL_MspInit
                0x080081b8       0x44 CMakeFiles/STM32F101_LCD.elf.dir/Core/Src/stm32f1xx_hal_msp.c.obj
                0x080081b8                HAL_MspInit
 .text.HAL_UART_MspInit
                0x080081fc       0x88 CMakeFiles/STM32F101_LCD.elf.dir/Core/Src/stm32f1xx_hal_msp.c.obj
                0x080081fc                HAL_UART_MspInit
 .text.NMI_Handler
                0x08008284        0x2 CMakeFiles/STM32F101_LCD.elf.dir/Core/Src/stm32f1xx_it.c.obj
                0x08008284                NMI_Handler
 .text.HardFault_Handler
                0x08008286        0x2 CMakeFiles/STM32F101_LCD.elf.dir/Core/Src/stm32f1xx_it.c.obj
                0x08008286                HardFault_Handler
 .text.MemManage_Handler
                0x08008288        0x2 CMakeFiles/STM32F101_LCD.elf.dir/Core/Src/stm32f1xx_it.c.obj
                0x08008288                MemManage_Handler
 .text.BusFault_Handler
                0x0800828a        0x2 CMakeFiles/STM32F101_LCD.elf.dir/Core/Src/stm32f1xx_it.c.obj
                0x0800828a                BusFault_Handler
 .text.UsageFault_Handler
                0x0800828c        0x2 CMakeFiles/STM32F101_LCD.elf.dir/Core/Src/stm32f1xx_it.c.obj
                0x0800828c                UsageFault_Handler
 .text.SVC_Handler
                0x0800828e        0x2 CMakeFiles/STM32F101_LCD.elf.dir/Core/Src/stm32f1xx_it.c.obj
                0x0800828e                SVC_Handler
 .text.DebugMon_Handler
                0x08008290        0x2 CMakeFiles/STM32F101_LCD.elf.dir/Core/Src/stm32f1xx_it.c.obj
                0x08008290                DebugMon_Handler
 .text.PendSV_Handler
                0x08008292        0x2 CMakeFiles/STM32F101_LCD.elf.dir/Core/Src/stm32f1xx_it.c.obj
                0x08008292                PendSV_Handler
 .text.SysTick_Handler
                0x08008294        0x8 CMakeFiles/STM32F101_LCD.elf.dir/Core/Src/stm32f1xx_it.c.obj
                0x08008294                SysTick_Handler
 .text.USART1_IRQHandler
                0x0800829c       0x10 CMakeFiles/STM32F101_LCD.elf.dir/Core/Src/stm32f1xx_it.c.obj
                0x0800829c                USART1_IRQHandler
 .text._getpid  0x080082ac        0x4 CMakeFiles/STM32F101_LCD.elf.dir/Core/Src/syscalls.c.obj
                0x080082ac                _getpid
 .text._kill    0x080082b0       0x10 CMakeFiles/STM32F101_LCD.elf.dir/Core/Src/syscalls.c.obj
                0x080082b0                _kill
 .text._exit    0x080082c0        0xc CMakeFiles/STM32F101_LCD.elf.dir/Core/Src/syscalls.c.obj
                0x080082c0                _exit
 .text._read    0x080082cc       0x20 CMakeFiles/STM32F101_LCD.elf.dir/Core/Src/syscalls.c.obj
                0x080082cc                _read
 .text._close   0x080082ec        0x6 CMakeFiles/STM32F101_LCD.elf.dir/Core/Src/syscalls.c.obj
                0x080082ec                _close
 .text._fstat   0x080082f2        0xa CMakeFiles/STM32F101_LCD.elf.dir/Core/Src/syscalls.c.obj
                0x080082f2                _fstat
 .text._isatty  0x080082fc        0x4 CMakeFiles/STM32F101_LCD.elf.dir/Core/Src/syscalls.c.obj
                0x080082fc                _isatty
 .text._lseek   0x08008300        0x4 CMakeFiles/STM32F101_LCD.elf.dir/Core/Src/syscalls.c.obj
                0x08008300                _lseek
 .text._sbrk    0x08008304       0x48 CMakeFiles/STM32F101_LCD.elf.dir/Core/Src/sysmem.c.obj
                0x08008304                _sbrk
 .text.SystemInit
                0x0800834c        0x2 CMakeFiles/STM32F101_LCD.elf.dir/Core/Src/system_stm32f1xx.c.obj
                0x0800834c                SystemInit
 *fill*         0x0800834e        0x2 
 .text.Reset_Handler
                0x08008350       0x48 CMakeFiles/STM32F101_LCD.elf.dir/Core/Startup/startup_stm32f103rctx.s.obj
                0x08008350                Reset_Handler
 .text.Default_Handler
                0x08008398        0x2 CMakeFiles/STM32F101_LCD.elf.dir/Core/Startup/startup_stm32f103rctx.s.obj
                0x08008398                RTC_Alarm_IRQHandler
                0x08008398                EXTI2_IRQHandler
                0x08008398                TIM8_TRG_COM_IRQHandler
                0x08008398                TIM8_CC_IRQHandler
                0x08008398                TIM1_CC_IRQHandler
                0x08008398                TIM6_IRQHandler
                0x08008398                PVD_IRQHandler
                0x08008398                SDIO_IRQHandler
                0x08008398                EXTI3_IRQHandler
                0x08008398                EXTI0_IRQHandler
                0x08008398                I2C2_EV_IRQHandler
                0x08008398                ADC1_2_IRQHandler
                0x08008398                SPI1_IRQHandler
                0x08008398                TAMPER_IRQHandler
                0x08008398                TIM8_UP_IRQHandler
                0x08008398                DMA2_Channel2_IRQHandler
                0x08008398                DMA1_Channel4_IRQHandler
                0x08008398                USART3_IRQHandler
                0x08008398                RTC_IRQHandler
                0x08008398                DMA1_Channel7_IRQHandler
                0x08008398                CAN1_RX1_IRQHandler
                0x08008398                UART5_IRQHandler
                0x08008398                ADC3_IRQHandler
                0x08008398                TIM4_IRQHandler
                0x08008398                DMA2_Channel1_IRQHandler
                0x08008398                I2C1_EV_IRQHandler
                0x08008398                DMA1_Channel6_IRQHandler
                0x08008398                UART4_IRQHandler
                0x08008398                TIM3_IRQHandler
                0x08008398                RCC_IRQHandler
                0x08008398                TIM1_TRG_COM_IRQHandler
                0x08008398                DMA1_Channel1_IRQHandler
                0x08008398                Default_Handler
                0x08008398                EXTI15_10_IRQHandler
                0x08008398                TIM7_IRQHandler
                0x08008398                TIM5_IRQHandler
                0x08008398                EXTI9_5_IRQHandler
                0x08008398                SPI2_IRQHandler
                0x08008398                DMA1_Channel5_IRQHandler
                0x08008398                EXTI4_IRQHandler
                0x08008398                USB_LP_CAN1_RX0_IRQHandler
                0x08008398                USB_HP_CAN1_TX_IRQHandler
                0x08008398                DMA1_Channel3_IRQHandler
                0x08008398                FSMC_IRQHandler
                0x08008398                TIM1_UP_IRQHandler
                0x08008398                WWDG_IRQHandler
                0x08008398                TIM2_IRQHandler
                0x08008398                TIM1_BRK_IRQHandler
                0x08008398                EXTI1_IRQHandler
                0x08008398                DMA2_Channel4_5_IRQHandler
                0x08008398                USART2_IRQHandler
                0x08008398                I2C2_ER_IRQHandler
                0x08008398                DMA1_Channel2_IRQHandler
                0x08008398                TIM8_BRK_IRQHandler
                0x08008398                CAN1_SCE_IRQHandler
                0x08008398                FLASH_IRQHandler
                0x08008398                SPI3_IRQHandler
                0x08008398                I2C1_ER_IRQHandler
                0x08008398                USBWakeUp_IRQHandler
                0x08008398                DMA2_Channel3_IRQHandler
 *fill*         0x0800839a        0x2 
 .text.HAL_InitTick
                0x0800839c       0x4c CMakeFiles/STM32F101_LCD.elf.dir/Drivers/STM32F1xx_HAL_Driver/Src/stm32f1xx_hal.c.obj
                0x0800839c                HAL_InitTick
 .text.HAL_Init
                0x080083e8       0x24 CMakeFiles/STM32F101_LCD.elf.dir/Drivers/STM32F1xx_HAL_Driver/Src/stm32f1xx_hal.c.obj
                0x080083e8                HAL_Init
 .text.HAL_IncTick
                0x0800840c       0x18 CMakeFiles/STM32F101_LCD.elf.dir/Drivers/STM32F1xx_HAL_Driver/Src/stm32f1xx_hal.c.obj
                0x0800840c                HAL_IncTick
 .text.HAL_GetTick
                0x08008424        0xc CMakeFiles/STM32F101_LCD.elf.dir/Drivers/STM32F1xx_HAL_Driver/Src/stm32f1xx_hal.c.obj
                0x08008424                HAL_GetTick
 .text.HAL_Delay
                0x08008430       0x28 CMakeFiles/STM32F101_LCD.elf.dir/Drivers/STM32F1xx_HAL_Driver/Src/stm32f1xx_hal.c.obj
                0x08008430                HAL_Delay
 .text.HAL_NVIC_SetPriorityGrouping
                0x08008458       0x24 CMakeFiles/STM32F101_LCD.elf.dir/Drivers/STM32F1xx_HAL_Driver/Src/stm32f1xx_hal_cortex.c.obj
                0x08008458                HAL_NVIC_SetPriorityGrouping
 .text.HAL_NVIC_SetPriority
                0x0800847c       0x70 CMakeFiles/STM32F101_LCD.elf.dir/Drivers/STM32F1xx_HAL_Driver/Src/stm32f1xx_hal_cortex.c.obj
                0x0800847c                HAL_NVIC_SetPriority
 .text.HAL_NVIC_EnableIRQ
                0x080084ec       0x1c CMakeFiles/STM32F101_LCD.elf.dir/Drivers/STM32F1xx_HAL_Driver/Src/stm32f1xx_hal_cortex.c.obj
                0x080084ec                HAL_NVIC_EnableIRQ
 .text.HAL_SYSTICK_Config
                0x08008508       0x28 CMakeFiles/STM32F101_LCD.elf.dir/Drivers/STM32F1xx_HAL_Driver/Src/stm32f1xx_hal_cortex.c.obj
                0x08008508                HAL_SYSTICK_Config
 .text.HAL_DMA_Abort
                0x08008530       0x44 CMakeFiles/STM32F101_LCD.elf.dir/Drivers/STM32F1xx_HAL_Driver/Src/stm32f1xx_hal_dma.c.obj
                0x08008530                HAL_DMA_Abort
 .text.HAL_DMA_Abort_IT
                0x08008574      0x168 CMakeFiles/STM32F101_LCD.elf.dir/Drivers/STM32F1xx_HAL_Driver/Src/stm32f1xx_hal_dma.c.obj
                0x08008574                HAL_DMA_Abort_IT
 .text.HAL_GPIO_Init
                0x080086dc      0x240 CMakeFiles/STM32F101_LCD.elf.dir/Drivers/STM32F1xx_HAL_Driver/Src/stm32f1xx_hal_gpio.c.obj
                0x080086dc                HAL_GPIO_Init
 .text.HAL_GPIO_WritePin
                0x0800891c        0xc CMakeFiles/STM32F101_LCD.elf.dir/Drivers/STM32F1xx_HAL_Driver/Src/stm32f1xx_hal_gpio.c.obj
                0x0800891c                HAL_GPIO_WritePin
 .text.RCC_Delay
                0x08008928       0x2c CMakeFiles/STM32F101_LCD.elf.dir/Drivers/STM32F1xx_HAL_Driver/Src/stm32f1xx_hal_rcc.c.obj
 .text.HAL_RCC_OscConfig
                0x08008954      0x410 CMakeFiles/STM32F101_LCD.elf.dir/Drivers/STM32F1xx_HAL_Driver/Src/stm32f1xx_hal_rcc.c.obj
                0x08008954                HAL_RCC_OscConfig
 .text.HAL_RCC_GetSysClockFreq
                0x08008d64       0x70 CMakeFiles/STM32F101_LCD.elf.dir/Drivers/STM32F1xx_HAL_Driver/Src/stm32f1xx_hal_rcc.c.obj
                0x08008d64                HAL_RCC_GetSysClockFreq
 .text.HAL_RCC_ClockConfig
                0x08008dd4      0x16c CMakeFiles/STM32F101_LCD.elf.dir/Drivers/STM32F1xx_HAL_Driver/Src/stm32f1xx_hal_rcc.c.obj
                0x08008dd4                HAL_RCC_ClockConfig
 .text.HAL_RCC_GetHCLKFreq
                0x08008f40        0xc CMakeFiles/STM32F101_LCD.elf.dir/Drivers/STM32F1xx_HAL_Driver/Src/stm32f1xx_hal_rcc.c.obj
                0x08008f40                HAL_RCC_GetHCLKFreq
 .text.HAL_RCC_GetPCLK1Freq
                0x08008f4c       0x20 CMakeFiles/STM32F101_LCD.elf.dir/Drivers/STM32F1xx_HAL_Driver/Src/stm32f1xx_hal_rcc.c.obj
                0x08008f4c                HAL_RCC_GetPCLK1Freq
 .text.HAL_RCC_GetPCLK2Freq
                0x08008f6c       0x20 CMakeFiles/STM32F101_LCD.elf.dir/Drivers/STM32F1xx_HAL_Driver/Src/stm32f1xx_hal_rcc.c.obj
                0x08008f6c                HAL_RCC_GetPCLK2Freq
 .text.UART_EndRxTransfer
                0x08008f8c       0x32 CMakeFiles/STM32F101_LCD.elf.dir/Drivers/STM32F1xx_HAL_Driver/Src/stm32f1xx_hal_uart.c.obj
 .text.UART_Transmit_IT
                0x08008fbe       0x60 CMakeFiles/STM32F101_LCD.elf.dir/Drivers/STM32F1xx_HAL_Driver/Src/stm32f1xx_hal_uart.c.obj
 *fill*         0x0800901e        0x2 
 .text.UART_SetConfig
                0x08009020       0x94 CMakeFiles/STM32F101_LCD.elf.dir/Drivers/STM32F1xx_HAL_Driver/Src/stm32f1xx_hal_uart.c.obj
 .text.UART_WaitOnFlagUntilTimeout
                0x080090b4       0x6c CMakeFiles/STM32F101_LCD.elf.dir/Drivers/STM32F1xx_HAL_Driver/Src/stm32f1xx_hal_uart.c.obj
 .text.HAL_UART_Init
                0x08009120       0x5e CMakeFiles/STM32F101_LCD.elf.dir/Drivers/STM32F1xx_HAL_Driver/Src/stm32f1xx_hal_uart.c.obj
                0x08009120                HAL_UART_Init
 .text.HAL_UART_Transmit
                0x0800917e       0xd8 CMakeFiles/STM32F101_LCD.elf.dir/Drivers/STM32F1xx_HAL_Driver/Src/stm32f1xx_hal_uart.c.obj
                0x0800917e                HAL_UART_Transmit
 .text.HAL_UART_TxCpltCallback
                0x08009256        0x2 CMakeFiles/STM32F101_LCD.elf.dir/Drivers/STM32F1xx_HAL_Driver/Src/stm32f1xx_hal_uart.c.obj
                0x08009256                HAL_UART_TxCpltCallback
 .text.UART_EndTransmit_IT
                0x08009258       0x1a CMakeFiles/STM32F101_LCD.elf.dir/Drivers/STM32F1xx_HAL_Driver/Src/stm32f1xx_hal_uart.c.obj
 .text.HAL_UART_RxCpltCallback
                0x08009272        0x2 CMakeFiles/STM32F101_LCD.elf.dir/Drivers/STM32F1xx_HAL_Driver/Src/stm32f1xx_hal_uart.c.obj
                0x08009272                HAL_UART_RxCpltCallback
 .text.HAL_UART_ErrorCallback
                0x08009274        0x2 CMakeFiles/STM32F101_LCD.elf.dir/Drivers/STM32F1xx_HAL_Driver/Src/stm32f1xx_hal_uart.c.obj
                0x08009274                HAL_UART_ErrorCallback
 .text.UART_DMAAbortOnError
                0x08009276       0x10 CMakeFiles/STM32F101_LCD.elf.dir/Drivers/STM32F1xx_HAL_Driver/Src/stm32f1xx_hal_uart.c.obj
 .text.HAL_UARTEx_RxEventCallback
                0x08009286        0x2 CMakeFiles/STM32F101_LCD.elf.dir/Drivers/STM32F1xx_HAL_Driver/Src/stm32f1xx_hal_uart.c.obj
                0x08009286                HAL_UARTEx_RxEventCallback
 .text.UART_Receive_IT
                0x08009288       0xd4 CMakeFiles/STM32F101_LCD.elf.dir/Drivers/STM32F1xx_HAL_Driver/Src/stm32f1xx_hal_uart.c.obj
 .text.HAL_UART_IRQHandler
                0x0800935c      0x204 CMakeFiles/STM32F101_LCD.elf.dir/Drivers/STM32F1xx_HAL_Driver/Src/stm32f1xx_hal_uart.c.obj
                0x0800935c                HAL_UART_IRQHandler
 .text.SSD1289_WriteCmd
                0x08009560       0x28 CMakeFiles/STM32F101_LCD.elf.dir/HardWare/LCD/SSD1289.c.obj
                0x08009560                SSD1289_WriteCmd
 .text.SSD1289_WriteData
                0x08009588       0x28 CMakeFiles/STM32F101_LCD.elf.dir/HardWare/LCD/SSD1289.c.obj
                0x08009588                SSD1289_WriteData
 .text.SSD1289_WriteCmdData
                0x080095b0       0x10 CMakeFiles/STM32F101_LCD.elf.dir/HardWare/LCD/SSD1289.c.obj
                0x080095b0                SSD1289_WriteCmdData
 .text.SSD1289_SetAddress
                0x080095c0       0x3e CMakeFiles/STM32F101_LCD.elf.dir/HardWare/LCD/SSD1289.c.obj
                0x080095c0                SSD1289_SetAddress
 .text.LCD_DrawPixel
                0x080095fe       0x14 CMakeFiles/STM32F101_LCD.elf.dir/HardWare/LCD/SSD1289.c.obj
                0x080095fe                LCD_DrawPixel
 .text.LCD_init
                0x08009612       0xc4 CMakeFiles/STM32F101_LCD.elf.dir/HardWare/LCD/SSD1289.c.obj
                0x08009612                LCD_init
 .text._ZN9c_display10draw_pixelEiij
                0x080096d6       0x54 CMakeFiles/STM32F101_LCD.elf.dir/UICode/UIcode.cpp.obj
                0x080096d6                c_display::draw_pixel(int, int, unsigned int)
 .text._ZN9c_display9fill_rectEiiiij
                0x0800972a       0xca CMakeFiles/STM32F101_LCD.elf.dir/UICode/UIcode.cpp.obj
                0x0800972a                c_display::fill_rect(int, int, int, int, unsigned int)
 .text._ZN9c_surface9fill_rectEiiiijj
                0x080097f4      0x13a CMakeFiles/STM32F101_LCD.elf.dir/UICode/UIcode.cpp.obj
                0x080097f4                c_surface::fill_rect(int, int, int, int, unsigned int, unsigned int)
 .text._ZN9c_surface19fill_rect_low_levelEiiiij
                0x0800992e       0x9c CMakeFiles/STM32F101_LCD.elf.dir/UICode/UIcode.cpp.obj
                0x0800992e                c_surface::fill_rect_low_level(int, int, int, int, unsigned int)
 .text._ZN9c_surface20draw_pixel_low_levelEiij
                0x080099ca       0x56 CMakeFiles/STM32F101_LCD.elf.dir/UICode/UIcode.cpp.obj
                0x080099ca                c_surface::draw_pixel_low_level(int, int, unsigned int)
 .text._ZN5c_wndD2Ev
                0x08009a20        0xc CMakeFiles/STM32F101_LCD.elf.dir/UICode/UIcode.cpp.obj
                0x08009a20                c_wnd::~c_wnd()
                0x08009a20                c_wnd::~c_wnd()
 .text._ZN5c_wnd16on_init_childrenEv
                0x08009a2c        0x2 CMakeFiles/STM32F101_LCD.elf.dir/UICode/UIcode.cpp.obj
                0x08009a2c                c_wnd::on_init_children()
 .text._ZN5c_wnd8on_paintEv
                0x08009a2e        0x2 CMakeFiles/STM32F101_LCD.elf.dir/UICode/UIcode.cpp.obj
                0x08009a2e                c_wnd::on_paint()
 .text._ZN5c_wnd11show_windowEv
                0x08009a30       0x2a CMakeFiles/STM32F101_LCD.elf.dir/UICode/UIcode.cpp.obj
                0x08009a30                c_wnd::show_window()
 .text._ZN5c_wnd8on_touchEii12TOUCH_ACTION
                0x08009a5a       0x84 CMakeFiles/STM32F101_LCD.elf.dir/UICode/UIcode.cpp.obj
                0x08009a5a                c_wnd::on_touch(int, int, TOUCH_ACTION)
 .text._ZN5c_wnd14pre_create_wndEv
                0x08009ade        0x2 CMakeFiles/STM32F101_LCD.elf.dir/UICode/UIcode.cpp.obj
                0x08009ade                c_wnd::pre_create_wnd()
 .text._ZN5c_wnd8on_focusEv
                0x08009ae0        0x2 CMakeFiles/STM32F101_LCD.elf.dir/UICode/UIcode.cpp.obj
                0x08009ae0                c_wnd::on_focus()
 .text._ZN5c_wnd13on_kill_focusEv
                0x08009ae2        0x2 CMakeFiles/STM32F101_LCD.elf.dir/UICode/UIcode.cpp.obj
                0x08009ae2                c_wnd::on_kill_focus()
 .text._ZN8c_button8on_focusEv
                0x08009ae4        0xe CMakeFiles/STM32F101_LCD.elf.dir/UICode/UIcode.cpp.obj
                0x08009ae4                c_button::on_focus()
 .text._ZN8c_button13on_kill_focusEv
                0x08009af2        0xe CMakeFiles/STM32F101_LCD.elf.dir/UICode/UIcode.cpp.obj
                0x08009af2                c_button::on_kill_focus()
 .text._ZN8c_button14pre_create_wndEv
                0x08009b00       0x24 CMakeFiles/STM32F101_LCD.elf.dir/UICode/UIcode.cpp.obj
                0x08009b00                c_button::pre_create_wnd()
 .text._ZN10c_keyboard16on_init_childrenEv
                0x08009b24       0x34 CMakeFiles/STM32F101_LCD.elf.dir/UICode/UIcode.cpp.obj
                0x08009b24                c_keyboard::on_init_children()
 .text._ZN8c_buttonD2Ev
                0x08009b58       0x14 CMakeFiles/STM32F101_LCD.elf.dir/UICode/UIcode.cpp.obj
                0x08009b58                c_button::~c_button()
                0x08009b58                c_button::~c_button()
 .text._ZN17c_keyboard_buttonD2Ev
                0x08009b6c       0x1c CMakeFiles/STM32F101_LCD.elf.dir/UICode/UIcode.cpp.obj
                0x08009b6c                c_keyboard_button::~c_keyboard_button()
                0x08009b6c                c_keyboard_button::~c_keyboard_button()
 .text._ZN10c_keyboardD2Ev
                0x08009b88       0x14 CMakeFiles/STM32F101_LCD.elf.dir/UICode/UIcode.cpp.obj
                0x08009b88                c_keyboard::~c_keyboard()
                0x08009b88                c_keyboard::~c_keyboard()
 .text._ZN10c_keyboard14pre_create_wndEv
                0x08009b9c       0x1e CMakeFiles/STM32F101_LCD.elf.dir/UICode/UIcode.cpp.obj
                0x08009b9c                c_keyboard::pre_create_wnd()
 .text._ZN9c_display12flush_screenEiiiiPvi
                0x08009bba       0x7e CMakeFiles/STM32F101_LCD.elf.dir/UICode/UIcode.cpp.obj
                0x08009bba                c_display::flush_screen(int, int, int, int, void*, int)
 .text._ZN8c_buttonD0Ev
                0x08009c38       0x20 CMakeFiles/STM32F101_LCD.elf.dir/UICode/UIcode.cpp.obj
                0x08009c38                c_button::~c_button()
 .text._ZN5c_wndD0Ev
                0x08009c58       0x18 CMakeFiles/STM32F101_LCD.elf.dir/UICode/UIcode.cpp.obj
                0x08009c58                c_wnd::~c_wnd()
 .text._ZN17c_keyboard_buttonD0Ev
                0x08009c70       0x28 CMakeFiles/STM32F101_LCD.elf.dir/UICode/UIcode.cpp.obj
                0x08009c70                c_keyboard_button::~c_keyboard_button()
 .text._ZN10c_keyboardD0Ev
                0x08009c98       0x20 CMakeFiles/STM32F101_LCD.elf.dir/UICode/UIcode.cpp.obj
                0x08009c98                c_keyboard::~c_keyboard()
 .text._ZN4Cube4drawEiib
                0x08009cb8      0x4a0 CMakeFiles/STM32F101_LCD.elf.dir/UICode/UIcode.cpp.obj
                0x08009cb8                Cube::draw(int, int, bool)
 .text._ZN7Pyramid4drawEiib
                0x0800a158      0xa24 CMakeFiles/STM32F101_LCD.elf.dir/UICode/UIcode.cpp.obj
                0x0800a158                Pyramid::draw(int, int, bool)
 .text._ZN5c_wndC2Ev
                0x0800ab7c       0x38 CMakeFiles/STM32F101_LCD.elf.dir/UICode/UIcode.cpp.obj
                0x0800ab7c                c_wnd::c_wnd()
                0x0800ab7c                c_wnd::c_wnd()
 .text._Z41__static_initialization_and_destruction_0ii
                0x0800abb4      0x5b4 CMakeFiles/STM32F101_LCD.elf.dir/UICode/UIcode.cpp.obj
 .text._Z7_assertPKci
                0x0800b168       0x10 CMakeFiles/STM32F101_LCD.elf.dir/UICode/UIcode.cpp.obj
                0x0800b168                _assert(char const*, int)
 .text._ZN17c_lattice_font_op18draw_value_in_rectEP9c_surfaceiii6c_rectPKvjjj
                0x0800b178       0xd0 CMakeFiles/STM32F101_LCD.elf.dir/UICode/UIcode.cpp.obj
                0x0800b178                c_lattice_font_op::draw_value_in_rect(c_surface*, int, int, int, c_rect, void const*, unsigned int, unsigned int, unsigned int)
 .text._ZN17c_lattice_font_op19draw_string_in_rectEP9c_surfaceiPKv6c_rectS3_jjj
                0x0800b248       0xf4 CMakeFiles/STM32F101_LCD.elf.dir/UICode/UIcode.cpp.obj
                0x0800b248                c_lattice_font_op::draw_string_in_rect(c_surface*, int, void const*, c_rect, void const*, unsigned int, unsigned int, unsigned int)
 .text._ZN17c_lattice_font_op12draw_latticeEP9c_surfaceiiiiiPKhjj
                0x0800b33c      0x134 CMakeFiles/STM32F101_LCD.elf.dir/UICode/UIcode.cpp.obj
                0x0800b33c                c_lattice_font_op::draw_lattice(c_surface*, int, int, int, int, int, unsigned char const*, unsigned int, unsigned int)
 .text._ZN17c_lattice_font_op11draw_stringEP9c_surfaceiPKviiS3_jj
                0x0800b470      0x184 CMakeFiles/STM32F101_LCD.elf.dir/UICode/UIcode.cpp.obj
                0x0800b470                c_lattice_font_op::draw_string(c_surface*, int, void const*, int, int, void const*, unsigned int, unsigned int)
 .text._ZN9c_surface10draw_pixelEiijj
                0x0800b5f4      0x16c CMakeFiles/STM32F101_LCD.elf.dir/UICode/UIcode.cpp.obj
                0x0800b5f4                c_surface::draw_pixel(int, int, unsigned int, unsigned int)
 .text._ZN5c_wnd7connectEPS_tPKcssssP15struct_wnd_tree
                0x0800b760      0x100 CMakeFiles/STM32F101_LCD.elf.dir/UICode/UIcode.cpp.obj
                0x0800b760                c_wnd::connect(c_wnd*, unsigned short, char const*, short, short, short, short, struct_wnd_tree*)
 .text._ZN10c_keyboard7connectEP5c_wndt14KEYBOARD_STYLE
                0x0800b860       0xbc CMakeFiles/STM32F101_LCD.elf.dir/UICode/UIcode.cpp.obj
                0x0800b860                c_keyboard::connect(c_wnd*, unsigned short, KEYBOARD_STYLE)
 .text._ZN10c_keyboard14on_key_clickedEii
                0x0800b91c      0x124 CMakeFiles/STM32F101_LCD.elf.dir/UICode/UIcode.cpp.obj
                0x0800b91c                c_keyboard::on_key_clicked(int, int)
 .text._ZN17c_keyboard_button8on_paintEv
                0x0800ba40      0x4e8 CMakeFiles/STM32F101_LCD.elf.dir/UICode/UIcode.cpp.obj
                0x0800ba40                c_keyboard_button::on_paint()
 .text._ZN17c_lattice_font_op12get_str_sizeEPKvS1_RiS2_
                0x0800bf28       0xe0 CMakeFiles/STM32F101_LCD.elf.dir/UICode/UIcode.cpp.obj
                0x0800bf28                c_lattice_font_op::get_str_size(void const*, void const*, int&, int&)
 .text._ZN17c_lattice_font_op10draw_valueEP9c_surfaceiiiiiPKvjj
                0x0800c008       0xcc CMakeFiles/STM32F101_LCD.elf.dir/UICode/UIcode.cpp.obj
                0x0800c008                c_lattice_font_op::draw_value(c_surface*, int, int, int, int, int, void const*, unsigned int, unsigned int)
 .text._ZN10c_keyboard8on_paintEv
                0x0800c0d4       0xa8 CMakeFiles/STM32F101_LCD.elf.dir/UICode/UIcode.cpp.obj
                0x0800c0d4                c_keyboard::on_paint()
 .text._ZN8c_button8on_paintEv
                0x0800c17c      0x2f8 CMakeFiles/STM32F101_LCD.elf.dir/UICode/UIcode.cpp.obj
                0x0800c17c                c_button::on_paint()
 .text._ZN8c_button8on_touchEii12TOUCH_ACTION
                0x0800c474       0x94 CMakeFiles/STM32F101_LCD.elf.dir/UICode/UIcode.cpp.obj
                0x0800c474                c_button::on_touch(int, int, TOUCH_ACTION)
 .text._ZN5c_wnd11on_navigateE14NAVIGATION_KEY
                0x0800c508      0x14c CMakeFiles/STM32F101_LCD.elf.dir/UICode/UIcode.cpp.obj
                0x0800c508                c_wnd::on_navigate(NAVIGATION_KEY)
 .text._ZN8c_button11on_navigateE14NAVIGATION_KEY
                0x0800c654       0x30 CMakeFiles/STM32F101_LCD.elf.dir/UICode/UIcode.cpp.obj
                0x0800c654                c_button::on_navigate(NAVIGATION_KEY)
 .text._Z12thread_sleepj
                0x0800c684        0xa CMakeFiles/STM32F101_LCD.elf.dir/UICode/UIcode.cpp.obj
                0x0800c684                thread_sleep(unsigned int)
 .text._Z8multiplyiiiPdS_S_
                0x0800c68e       0x7a CMakeFiles/STM32F101_LCD.elf.dir/UICode/UIcode.cpp.obj
                0x0800c68e                multiply(int, int, int, double*, double*, double*)
 .text._Z7rotateXdPdS_
                0x0800c708       0x68 CMakeFiles/STM32F101_LCD.elf.dir/UICode/UIcode.cpp.obj
                0x0800c708                rotateX(double, double*, double*)
 .text._Z7rotateYdPdS_
                0x0800c770       0x64 CMakeFiles/STM32F101_LCD.elf.dir/UICode/UIcode.cpp.obj
                0x0800c770                rotateY(double, double*, double*)
 .text._Z7rotateZdPdS_
                0x0800c7d4       0x68 CMakeFiles/STM32F101_LCD.elf.dir/UICode/UIcode.cpp.obj
                0x0800c7d4                rotateZ(double, double*, double*)
 .text._Z11projectOnXYPdS_d
                0x0800c83c       0x28 CMakeFiles/STM32F101_LCD.elf.dir/UICode/UIcode.cpp.obj
                0x0800c83c                projectOnXY(double*, double*, double)
 *fill*         0x0800c864        0x4 
 .text._ZN4Cube6rotateEv
                0x0800c868       0x70 CMakeFiles/STM32F101_LCD.elf.dir/UICode/UIcode.cpp.obj
                0x0800c868                Cube::rotate()
 .text._ZN7Pyramid6rotateEv
                0x0800c8d8       0x84 CMakeFiles/STM32F101_LCD.elf.dir/UICode/UIcode.cpp.obj
                0x0800c8d8                Pyramid::rotate()
 *fill*         0x0800c95c        0x4 
 .text._Z9create_uiPviiiP14DISPLAY_DRIVER
                0x0800c960      0x32c CMakeFiles/STM32F101_LCD.elf.dir/UICode/UIcode.cpp.obj
                0x0800c960                create_ui(void*, int, int, int, DISPLAY_DRIVER*)
 .text.startHello3D
                0x0800cc8c       0x10 CMakeFiles/STM32F101_LCD.elf.dir/UICode/UIcode.cpp.obj
                0x0800cc8c                startHello3D
 .text._GLOBAL__sub_I_the_bitmap_op
                0x0800cc9c        0xe CMakeFiles/STM32F101_LCD.elf.dir/UICode/UIcode.cpp.obj
 .text.gfx_draw_pixel
                0x0800ccaa       0x24 CMakeFiles/STM32F101_LCD.elf.dir/User/UserMain.c.obj
                0x0800ccaa                gfx_draw_pixel
 *fill*         0x0800ccce        0x2 
 .text.__io_putchar
                0x0800ccd0       0x20 CMakeFiles/STM32F101_LCD.elf.dir/User/UserMain.c.obj
                0x0800ccd0                __io_putchar
 .text._write   0x0800ccf0       0x1c CMakeFiles/STM32F101_LCD.elf.dir/User/UserMain.c.obj
                0x0800ccf0                _write
 .text.delay_ms
                0x0800cd0c        0x8 CMakeFiles/STM32F101_LCD.elf.dir/User/UserMain.c.obj
                0x0800cd0c                delay_ms
 .text.UserConfigInit
                0x0800cd14        0x2 CMakeFiles/STM32F101_LCD.elf.dir/User/UserMain.c.obj
                0x0800cd14                UserConfigInit
 *fill*         0x0800cd16        0x2 
 .text.UserSysInit
                0x0800cd18       0x30 CMakeFiles/STM32F101_LCD.elf.dir/User/UserMain.c.obj
                0x0800cd18                UserSysInit
 .text.UserLoop
                0x0800cd48        0x2 CMakeFiles/STM32F101_LCD.elf.dir/User/UserMain.c.obj
                0x0800cd48                UserLoop
 *fill*         0x0800cd4a        0x2 
 .text.__aeabi_atexit
                0x0800cd4c        0xc e:/env/gcc-arm-none-eabi-10.3-2021.10/bin/../lib/gcc/arm-none-eabi/10.3.1/../../../../arm-none-eabi/lib/thumb/v7-m/nofp\libstdc++.a(atexit_arm.o)
                0x0800cd4c                __aeabi_atexit
 .text._ZNK10__cxxabiv117__class_type_info11__do_upcastEPKS0_PPv
                0x0800cd58       0x34 e:/env/gcc-arm-none-eabi-10.3-2021.10/bin/../lib/gcc/arm-none-eabi/10.3.1/../../../../arm-none-eabi/lib/thumb/v7-m/nofp\libstdc++.a(class_type_info.o)
                0x0800cd58                __cxxabiv1::__class_type_info::__do_upcast(__cxxabiv1::__class_type_info const*, void**) const
 .text._ZNK10__cxxabiv117__class_type_info20__do_find_public_srcEiPKvPKS0_S2_
                0x0800cd8c        0xc e:/env/gcc-arm-none-eabi-10.3-2021.10/bin/../lib/gcc/arm-none-eabi/10.3.1/../../../../arm-none-eabi/lib/thumb/v7-m/nofp\libstdc++.a(class_type_info.o)
                0x0800cd8c                __cxxabiv1::__class_type_info::__do_find_public_src(int, void const*, __cxxabiv1::__class_type_info const*, void const*) const
 .text._ZN10__cxxabiv117__class_type_infoD2Ev
                0x0800cd98       0x14 e:/env/gcc-arm-none-eabi-10.3-2021.10/bin/../lib/gcc/arm-none-eabi/10.3.1/../../../../arm-none-eabi/lib/thumb/v7-m/nofp\libstdc++.a(class_type_info.o)
                0x0800cd98                __cxxabiv1::__class_type_info::~__class_type_info()
                0x0800cd98                __cxxabiv1::__class_type_info::~__class_type_info()
 .text._ZN10__cxxabiv117__class_type_infoD0Ev
                0x0800cdac       0x1c e:/env/gcc-arm-none-eabi-10.3-2021.10/bin/../lib/gcc/arm-none-eabi/10.3.1/../../../../arm-none-eabi/lib/thumb/v7-m/nofp\libstdc++.a(class_type_info.o)
                0x0800cdac                __cxxabiv1::__class_type_info::~__class_type_info()
 .text._ZNK10__cxxabiv117__class_type_info12__do_dyncastEiNS0_10__sub_kindEPKS0_PKvS3_S5_RNS0_16__dyncast_resultE
                0x0800cdc8       0x44 e:/env/gcc-arm-none-eabi-10.3-2021.10/bin/../lib/gcc/arm-none-eabi/10.3.1/../../../../arm-none-eabi/lib/thumb/v7-m/nofp\libstdc++.a(class_type_info.o)
                0x0800cdc8                __cxxabiv1::__class_type_info::__do_dyncast(int, __cxxabiv1::__class_type_info::__sub_kind, __cxxabiv1::__class_type_info const*, void const*, __cxxabiv1::__class_type_info const*, void const*, __cxxabiv1::__class_type_info::__dyncast_result&) const
 .text._ZNK10__cxxabiv117__class_type_info11__do_upcastEPKS0_PKvRNS0_15__upcast_resultE
                0x0800ce0c       0x1c e:/env/gcc-arm-none-eabi-10.3-2021.10/bin/../lib/gcc/arm-none-eabi/10.3.1/../../../../arm-none-eabi/lib/thumb/v7-m/nofp\libstdc++.a(class_type_info.o)
                0x0800ce0c                __cxxabiv1::__class_type_info::__do_upcast(__cxxabiv1::__class_type_info const*, void const*, __cxxabiv1::__class_type_info::__upcast_result&) const
 .text._ZNK10__cxxabiv117__class_type_info10__do_catchEPKSt9type_infoPPvj
                0x0800ce28       0x2c e:/env/gcc-arm-none-eabi-10.3-2021.10/bin/../lib/gcc/arm-none-eabi/10.3.1/../../../../arm-none-eabi/lib/thumb/v7-m/nofp\libstdc++.a(class_type_info.o)
                0x0800ce28                __cxxabiv1::__class_type_info::__do_catch(std::type_info const*, void**, unsigned int) const
 .text._ZdlPvj  0x0800ce54        0x4 e:/env/gcc-arm-none-eabi-10.3-2021.10/bin/../lib/gcc/arm-none-eabi/10.3.1/../../../../arm-none-eabi/lib/thumb/v7-m/nofp\libstdc++.a(del_ops.o)
                0x0800ce54                operator delete(void*, unsigned int)
 .text.__cxa_guard_acquire
                0x0800ce58       0x38 e:/env/gcc-arm-none-eabi-10.3-2021.10/bin/../lib/gcc/arm-none-eabi/10.3.1/../../../../arm-none-eabi/lib/thumb/v7-m/nofp\libstdc++.a(guard.o)
                0x0800ce58                __cxa_guard_acquire
 .text.__cxa_guard_release
                0x0800ce90        0x8 e:/env/gcc-arm-none-eabi-10.3-2021.10/bin/../lib/gcc/arm-none-eabi/10.3.1/../../../../arm-none-eabi/lib/thumb/v7-m/nofp\libstdc++.a(guard.o)
                0x0800ce90                __cxa_guard_release
 .text._ZN9__gnu_cxx20recursive_init_errorD2Ev
                0x0800ce98       0x14 e:/env/gcc-arm-none-eabi-10.3-2021.10/bin/../lib/gcc/arm-none-eabi/10.3.1/../../../../arm-none-eabi/lib/thumb/v7-m/nofp\libstdc++.a(guard_error.o)
                0x0800ce98                __gnu_cxx::recursive_init_error::~recursive_init_error()
                0x0800ce98                __gnu_cxx::recursive_init_error::~recursive_init_error()
 .text._ZN9__gnu_cxx20recursive_init_errorD0Ev
                0x0800ceac       0x1c e:/env/gcc-arm-none-eabi-10.3-2021.10/bin/../lib/gcc/arm-none-eabi/10.3.1/../../../../arm-none-eabi/lib/thumb/v7-m/nofp\libstdc++.a(guard_error.o)
                0x0800ceac                __gnu_cxx::recursive_init_error::~recursive_init_error()
 .text._ZN9__gnu_cxx20recursive_init_errorC2Ev
                0x0800cec8        0xc e:/env/gcc-arm-none-eabi-10.3-2021.10/bin/../lib/gcc/arm-none-eabi/10.3.1/../../../../arm-none-eabi/lib/thumb/v7-m/nofp\libstdc++.a(guard_error.o)
                0x0800cec8                __gnu_cxx::recursive_init_error::recursive_init_error()
                0x0800cec8                __gnu_cxx::recursive_init_error::recursive_init_error()
 .text.__cxa_pure_virtual
                0x0800ced4       0x14 e:/env/gcc-arm-none-eabi-10.3-2021.10/bin/../lib/gcc/arm-none-eabi/10.3.1/../../../../arm-none-eabi/lib/thumb/v7-m/nofp\libstdc++.a(pure.o)
                0x0800ced4                __cxa_pure_virtual
 .text._ZN10__cxxabiv120__si_class_type_infoD2Ev
                0x0800cee8       0x14 e:/env/gcc-arm-none-eabi-10.3-2021.10/bin/../lib/gcc/arm-none-eabi/10.3.1/../../../../arm-none-eabi/lib/thumb/v7-m/nofp\libstdc++.a(si_class_type_info.o)
                0x0800cee8                __cxxabiv1::__si_class_type_info::~__si_class_type_info()
                0x0800cee8                __cxxabiv1::__si_class_type_info::~__si_class_type_info()
 .text._ZN10__cxxabiv120__si_class_type_infoD0Ev
                0x0800cefc       0x1c e:/env/gcc-arm-none-eabi-10.3-2021.10/bin/../lib/gcc/arm-none-eabi/10.3.1/../../../../arm-none-eabi/lib/thumb/v7-m/nofp\libstdc++.a(si_class_type_info.o)
                0x0800cefc                __cxxabiv1::__si_class_type_info::~__si_class_type_info()
 .text._ZNK10__cxxabiv120__si_class_type_info20__do_find_public_srcEiPKvPKNS_17__class_type_infoES2_
                0x0800cf18       0x3c e:/env/gcc-arm-none-eabi-10.3-2021.10/bin/../lib/gcc/arm-none-eabi/10.3.1/../../../../arm-none-eabi/lib/thumb/v7-m/nofp\libstdc++.a(si_class_type_info.o)
                0x0800cf18                __cxxabiv1::__si_class_type_info::__do_find_public_src(int, void const*, __cxxabiv1::__class_type_info const*, void const*) const
 .text._ZNK10__cxxabiv120__si_class_type_info12__do_dyncastEiNS_17__class_type_info10__sub_kindEPKS1_PKvS4_S6_RNS1_16__dyncast_resultE
                0x0800cf54       0x84 e:/env/gcc-arm-none-eabi-10.3-2021.10/bin/../lib/gcc/arm-none-eabi/10.3.1/../../../../arm-none-eabi/lib/thumb/v7-m/nofp\libstdc++.a(si_class_type_info.o)
                0x0800cf54                __cxxabiv1::__si_class_type_info::__do_dyncast(int, __cxxabiv1::__class_type_info::__sub_kind, __cxxabiv1::__class_type_info const*, void const*, __cxxabiv1::__class_type_info const*, void const*, __cxxabiv1::__class_type_info::__dyncast_result&) const
 .text._ZNK10__cxxabiv120__si_class_type_info11__do_upcastEPKNS_17__class_type_infoEPKvRNS1_15__upcast_resultE
                0x0800cfd8       0x2c e:/env/gcc-arm-none-eabi-10.3-2021.10/bin/../lib/gcc/arm-none-eabi/10.3.1/../../../../arm-none-eabi/lib/thumb/v7-m/nofp\libstdc++.a(si_class_type_info.o)
                0x0800cfd8                __cxxabiv1::__si_class_type_info::__do_upcast(__cxxabiv1::__class_type_info const*, void const*, __cxxabiv1::__class_type_info::__upcast_result&) const
 .text._ZNSt9type_infoD2Ev
                0x0800d004        0x4 e:/env/gcc-arm-none-eabi-10.3-2021.10/bin/../lib/gcc/arm-none-eabi/10.3.1/../../../../arm-none-eabi/lib/thumb/v7-m/nofp\libstdc++.a(tinfo.o)
                0x0800d004                std::type_info::~type_info()
                0x0800d004                std::type_info::~type_info()
 .text._ZNKSt9type_info14__is_pointer_pEv
                0x0800d008        0x4 e:/env/gcc-arm-none-eabi-10.3-2021.10/bin/../lib/gcc/arm-none-eabi/10.3.1/../../../../arm-none-eabi/lib/thumb/v7-m/nofp\libstdc++.a(tinfo.o)
                0x0800d008                std::type_info::__is_pointer_p() const
                0x0800d008                std::type_info::__is_function_p() const
 .text._ZNKSt9type_infoeqERKS_
                0x0800d00c       0x2c e:/env/gcc-arm-none-eabi-10.3-2021.10/bin/../lib/gcc/arm-none-eabi/10.3.1/../../../../arm-none-eabi/lib/thumb/v7-m/nofp\libstdc++.a(tinfo.o)
                0x0800d00c                std::type_info::operator==(std::type_info const&) const
 .text._ZdlPv   0x0800d038        0x4 e:/env/gcc-arm-none-eabi-10.3-2021.10/bin/../lib/gcc/arm-none-eabi/10.3.1/../../../../arm-none-eabi/lib/thumb/v7-m/nofp\libstdc++.a(del_op.o)
                0x0800d038                operator delete(void*)
 .text._ZN12_GLOBAL__N_14pool4freeEPv.constprop.0
                0x0800d03c       0x84 e:/env/gcc-arm-none-eabi-10.3-2021.10/bin/../lib/gcc/arm-none-eabi/10.3.1/../../../../arm-none-eabi/lib/thumb/v7-m/nofp\libstdc++.a(eh_alloc.o)
 .text._ZN12_GLOBAL__N_14pool8allocateEj.constprop.0
                0x0800d0c0       0x60 e:/env/gcc-arm-none-eabi-10.3-2021.10/bin/../lib/gcc/arm-none-eabi/10.3.1/../../../../arm-none-eabi/lib/thumb/v7-m/nofp\libstdc++.a(eh_alloc.o)
 .text.__cxa_allocate_exception
                0x0800d120       0x30 e:/env/gcc-arm-none-eabi-10.3-2021.10/bin/../lib/gcc/arm-none-eabi/10.3.1/../../../../arm-none-eabi/lib/thumb/v7-m/nofp\libstdc++.a(eh_alloc.o)
                0x0800d120                __cxa_allocate_exception
 .text.__cxa_free_exception
                0x0800d150       0x20 e:/env/gcc-arm-none-eabi-10.3-2021.10/bin/../lib/gcc/arm-none-eabi/10.3.1/../../../../arm-none-eabi/lib/thumb/v7-m/nofp\libstdc++.a(eh_alloc.o)
                0x0800d150                __cxa_free_exception
 .text.startup._GLOBAL__sub_I__ZN9__gnu_cxx9__freeresEv
                0x0800d170       0x28 e:/env/gcc-arm-none-eabi-10.3-2021.10/bin/../lib/gcc/arm-none-eabi/10.3.1/../../../../arm-none-eabi/lib/thumb/v7-m/nofp\libstdc++.a(eh_alloc.o)
 .text._ZNSt9exceptionD2Ev
                0x0800d198        0x4 e:/env/gcc-arm-none-eabi-10.3-2021.10/bin/../lib/gcc/arm-none-eabi/10.3.1/../../../../arm-none-eabi/lib/thumb/v7-m/nofp\libstdc++.a(eh_exception.o)
                0x0800d198                std::exception::~exception()
                0x0800d198                std::exception::~exception()
 .text._ZNSt13bad_exceptionD2Ev
                0x0800d19c        0x4 e:/env/gcc-arm-none-eabi-10.3-2021.10/bin/../lib/gcc/arm-none-eabi/10.3.1/../../../../arm-none-eabi/lib/thumb/v7-m/nofp\libstdc++.a(eh_exception.o)
                0x0800d19c                std::bad_exception::~bad_exception()
                0x0800d19c                std::bad_exception::~bad_exception()
 .text._ZNKSt9exception4whatEv
                0x0800d1a0        0x8 e:/env/gcc-arm-none-eabi-10.3-2021.10/bin/../lib/gcc/arm-none-eabi/10.3.1/../../../../arm-none-eabi/lib/thumb/v7-m/nofp\libstdc++.a(eh_exception.o)
                0x0800d1a0                std::exception::what() const
                0x0800d1a0                transaction clone for std::exception::what() const
 .text._ZNKSt13bad_exception4whatEv
                0x0800d1a8        0x8 e:/env/gcc-arm-none-eabi-10.3-2021.10/bin/../lib/gcc/arm-none-eabi/10.3.1/../../../../arm-none-eabi/lib/thumb/v7-m/nofp\libstdc++.a(eh_exception.o)
                0x0800d1a8                std::bad_exception::what() const
                0x0800d1a8                transaction clone for std::bad_exception::what() const
 .text._ZNSt13bad_exceptionD0Ev
                0x0800d1b0       0x10 e:/env/gcc-arm-none-eabi-10.3-2021.10/bin/../lib/gcc/arm-none-eabi/10.3.1/../../../../arm-none-eabi/lib/thumb/v7-m/nofp\libstdc++.a(eh_exception.o)
                0x0800d1b0                std::bad_exception::~bad_exception()
 .text._ZN10__cxxabiv111__terminateEPFvvE
                0x0800d1c0       0x28 e:/env/gcc-arm-none-eabi-10.3-2021.10/bin/../lib/gcc/arm-none-eabi/10.3.1/../../../../arm-none-eabi/lib/thumb/v7-m/nofp\libstdc++.a(eh_terminate.o)
                0x0800d1c0                __cxxabiv1::__terminate(void (*)())
 .text._ZSt9terminatev
                0x0800d1e8       0x14 e:/env/gcc-arm-none-eabi-10.3-2021.10/bin/../lib/gcc/arm-none-eabi/10.3.1/../../../../arm-none-eabi/lib/thumb/v7-m/nofp\libstdc++.a(eh_terminate.o)
                0x0800d1e8                std::terminate()
 .text._ZN10__cxxabiv112__unexpectedEPFvvE
                0x0800d1fc        0x8 e:/env/gcc-arm-none-eabi-10.3-2021.10/bin/../lib/gcc/arm-none-eabi/10.3.1/../../../../arm-none-eabi/lib/thumb/v7-m/nofp\libstdc++.a(eh_terminate.o)
                0x0800d1fc                __cxxabiv1::__unexpected(void (*)())
 .text._ZSt10unexpectedv
                0x0800d204       0x14 e:/env/gcc-arm-none-eabi-10.3-2021.10/bin/../lib/gcc/arm-none-eabi/10.3.1/../../../../arm-none-eabi/lib/thumb/v7-m/nofp\libstdc++.a(eh_terminate.o)
                0x0800d204                std::unexpected()
 .text._ZSt13get_terminatev
                0x0800d218       0x10 e:/env/gcc-arm-none-eabi-10.3-2021.10/bin/../lib/gcc/arm-none-eabi/10.3.1/../../../../arm-none-eabi/lib/thumb/v7-m/nofp\libstdc++.a(eh_terminate.o)
                0x0800d218                std::get_terminate()
 .text._ZSt14get_unexpectedv
                0x0800d228       0x10 e:/env/gcc-arm-none-eabi-10.3-2021.10/bin/../lib/gcc/arm-none-eabi/10.3.1/../../../../arm-none-eabi/lib/thumb/v7-m/nofp\libstdc++.a(eh_terminate.o)
                0x0800d228                std::get_unexpected()
 .text._ZL23__gxx_exception_cleanup19_Unwind_Reason_CodeP21_Unwind_Control_Block
                0x0800d238       0x44 e:/env/gcc-arm-none-eabi-10.3-2021.10/bin/../lib/gcc/arm-none-eabi/10.3.1/../../../../arm-none-eabi/lib/thumb/v7-m/nofp\libstdc++.a(eh_throw.o)
 .text.__cxa_init_primary_exception
                0x0800d27c       0x58 e:/env/gcc-arm-none-eabi-10.3-2021.10/bin/../lib/gcc/arm-none-eabi/10.3.1/../../../../arm-none-eabi/lib/thumb/v7-m/nofp\libstdc++.a(eh_throw.o)
                0x0800d27c                __cxa_init_primary_exception
 .text.__cxa_throw
                0x0800d2d4       0x38 e:/env/gcc-arm-none-eabi-10.3-2021.10/bin/../lib/gcc/arm-none-eabi/10.3.1/../../../../arm-none-eabi/lib/thumb/v7-m/nofp\libstdc++.a(eh_throw.o)
                0x0800d2d4                __cxa_throw
 .text.__cxa_rethrow
                0x0800d30c       0x70 e:/env/gcc-arm-none-eabi-10.3-2021.10/bin/../lib/gcc/arm-none-eabi/10.3.1/../../../../arm-none-eabi/lib/thumb/v7-m/nofp\libstdc++.a(eh_throw.o)
                0x0800d30c                __cxa_rethrow
 .text._ZN9__gnu_cxx27__verbose_terminate_handlerEv
                0x0800d37c      0x10c e:/env/gcc-arm-none-eabi-10.3-2021.10/bin/../lib/gcc/arm-none-eabi/10.3.1/../../../../arm-none-eabi/lib/thumb/v7-m/nofp\libstdc++.a(vterminate.o)
                0x0800d37c                __gnu_cxx::__verbose_terminate_handler()
 .text.__cxa_end_cleanup
                0x0800d488        0xc e:/env/gcc-arm-none-eabi-10.3-2021.10/bin/../lib/gcc/arm-none-eabi/10.3.1/../../../../arm-none-eabi/lib/thumb/v7-m/nofp\libstdc++.a(eh_arm.o)
                0x0800d488                __cxa_end_cleanup
 .text.__cxa_type_match
                0x0800d494       0xb4 e:/env/gcc-arm-none-eabi-10.3-2021.10/bin/../lib/gcc/arm-none-eabi/10.3.1/../../../../arm-none-eabi/lib/thumb/v7-m/nofp\libstdc++.a(eh_arm.o)
                0x0800d494                __cxa_type_match
 .text.__cxa_begin_cleanup
                0x0800d548       0x64 e:/env/gcc-arm-none-eabi-10.3-2021.10/bin/../lib/gcc/arm-none-eabi/10.3.1/../../../../arm-none-eabi/lib/thumb/v7-m/nofp\libstdc++.a(eh_arm.o)
                0x0800d548                __cxa_begin_cleanup
 .text.__gnu_end_cleanup
                0x0800d5ac       0x70 e:/env/gcc-arm-none-eabi-10.3-2021.10/bin/../lib/gcc/arm-none-eabi/10.3.1/../../../../arm-none-eabi/lib/thumb/v7-m/nofp\libstdc++.a(eh_arm.o)
                0x0800d5ac                __gnu_end_cleanup
 .text._ZN10__cxxabiv1L24__is_gxx_exception_classEPc
                0x0800d61c       0x3c e:/env/gcc-arm-none-eabi-10.3-2021.10/bin/../lib/gcc/arm-none-eabi/10.3.1/../../../../arm-none-eabi/lib/thumb/v7-m/nofp\libstdc++.a(eh_call.o)
 .text.__cxa_call_terminate
                0x0800d658       0x20 e:/env/gcc-arm-none-eabi-10.3-2021.10/bin/../lib/gcc/arm-none-eabi/10.3.1/../../../../arm-none-eabi/lib/thumb/v7-m/nofp\libstdc++.a(eh_call.o)
                0x0800d658                __cxa_call_terminate
 .text.unlikely.__cxa_call_unexpected
                0x0800d678       0xe8 e:/env/gcc-arm-none-eabi-10.3-2021.10/bin/../lib/gcc/arm-none-eabi/10.3.1/../../../../arm-none-eabi/lib/thumb/v7-m/nofp\libstdc++.a(eh_call.o)
                0x0800d678                __cxa_call_unexpected
 .text.__cxa_begin_catch
                0x0800d760       0x80 e:/env/gcc-arm-none-eabi-10.3-2021.10/bin/../lib/gcc/arm-none-eabi/10.3.1/../../../../arm-none-eabi/lib/thumb/v7-m/nofp\libstdc++.a(eh_catch.o)
                0x0800d760                __cxa_begin_catch
 .text.__cxa_end_catch
                0x0800d7e0       0x88 e:/env/gcc-arm-none-eabi-10.3-2021.10/bin/../lib/gcc/arm-none-eabi/10.3.1/../../../../arm-none-eabi/lib/thumb/v7-m/nofp\libstdc++.a(eh_catch.o)
                0x0800d7e0                __cxa_end_catch
 .text.__cxa_get_globals_fast
                0x0800d868        0x8 e:/env/gcc-arm-none-eabi-10.3-2021.10/bin/../lib/gcc/arm-none-eabi/10.3.1/../../../../arm-none-eabi/lib/thumb/v7-m/nofp\libstdc++.a(eh_globals.o)
                0x0800d868                __cxa_get_globals_fast
 .text.__cxa_get_globals
                0x0800d870        0x8 e:/env/gcc-arm-none-eabi-10.3-2021.10/bin/../lib/gcc/arm-none-eabi/10.3.1/../../../../arm-none-eabi/lib/thumb/v7-m/nofp\libstdc++.a(eh_globals.o)
                0x0800d870                __cxa_get_globals
 .text._ZL28read_encoded_value_with_basehjPKhPj
                0x0800d878       0xc0 e:/env/gcc-arm-none-eabi-10.3-2021.10/bin/../lib/gcc/arm-none-eabi/10.3.1/../../../../arm-none-eabi/lib/thumb/v7-m/nofp\libstdc++.a(eh_personality.o)
 .text._ZL21base_of_encoded_valuehP15_Unwind_Context
                0x0800d938       0x48 e:/env/gcc-arm-none-eabi-10.3-2021.10/bin/../lib/gcc/arm-none-eabi/10.3.1/../../../../arm-none-eabi/lib/thumb/v7-m/nofp\libstdc++.a(eh_personality.o)
 .text._ZL17parse_lsda_headerP15_Unwind_ContextPKhP16lsda_header_info
                0x0800d980       0x94 e:/env/gcc-arm-none-eabi-10.3-2021.10/bin/../lib/gcc/arm-none-eabi/10.3.1/../../../../arm-none-eabi/lib/thumb/v7-m/nofp\libstdc++.a(eh_personality.o)
 .text.__gxx_personality_v0
                0x0800da14      0x4a4 e:/env/gcc-arm-none-eabi-10.3-2021.10/bin/../lib/gcc/arm-none-eabi/10.3.1/../../../../arm-none-eabi/lib/thumb/v7-m/nofp\libstdc++.a(eh_personality.o)
                0x0800da14                __gxx_personality_v0
 .text.__cxa_current_exception_type
                0x0800deb8       0x1c e:/env/gcc-arm-none-eabi-10.3-2021.10/bin/../lib/gcc/arm-none-eabi/10.3.1/../../../../arm-none-eabi/lib/thumb/v7-m/nofp\libstdc++.a(eh_type.o)
                0x0800deb8                __cxa_current_exception_type
 .text.cos      0x0800ded4       0xa4 e:/env/gcc-arm-none-eabi-10.3-2021.10/bin/../lib/gcc/arm-none-eabi/10.3.1/../../../../arm-none-eabi/lib/thumb/v7-m/nofp\libm.a(lib_a-s_cos.o)
                0x0800ded4                cos
 .text.sin      0x0800df78       0xb0 e:/env/gcc-arm-none-eabi-10.3-2021.10/bin/../lib/gcc/arm-none-eabi/10.3.1/../../../../arm-none-eabi/lib/thumb/v7-m/nofp\libm.a(lib_a-s_sin.o)
                0x0800df78                sin
 .text.__ieee754_rem_pio2
                0x0800e028      0x454 e:/env/gcc-arm-none-eabi-10.3-2021.10/bin/../lib/gcc/arm-none-eabi/10.3.1/../../../../arm-none-eabi/lib/thumb/v7-m/nofp\libm.a(lib_a-e_rem_pio2.o)
                0x0800e028                __ieee754_rem_pio2
 *fill*         0x0800e47c        0x4 
 .text.__kernel_cos
                0x0800e480      0x250 e:/env/gcc-arm-none-eabi-10.3-2021.10/bin/../lib/gcc/arm-none-eabi/10.3.1/../../../../arm-none-eabi/lib/thumb/v7-m/nofp\libm.a(lib_a-k_cos.o)
                0x0800e480                __kernel_cos
 .text.__kernel_rem_pio2
                0x0800e6d0      0x850 e:/env/gcc-arm-none-eabi-10.3-2021.10/bin/../lib/gcc/arm-none-eabi/10.3.1/../../../../arm-none-eabi/lib/thumb/v7-m/nofp\libm.a(lib_a-k_rem_pio2.o)
                0x0800e6d0                __kernel_rem_pio2
 .text.__kernel_sin
                0x0800ef20      0x184 e:/env/gcc-arm-none-eabi-10.3-2021.10/bin/../lib/gcc/arm-none-eabi/10.3.1/../../../../arm-none-eabi/lib/thumb/v7-m/nofp\libm.a(lib_a-k_sin.o)
                0x0800ef20                __kernel_sin
 .text.fabs     0x0800f0a4        0x8 e:/env/gcc-arm-none-eabi-10.3-2021.10/bin/../lib/gcc/arm-none-eabi/10.3.1/../../../../arm-none-eabi/lib/thumb/v7-m/nofp\libm.a(lib_a-s_fabs.o)
                0x0800f0a4                fabs
 *fill*         0x0800f0ac        0x4 
 .text.floor    0x0800f0b0       0xf8 e:/env/gcc-arm-none-eabi-10.3-2021.10/bin/../lib/gcc/arm-none-eabi/10.3.1/../../../../arm-none-eabi/lib/thumb/v7-m/nofp\libm.a(lib_a-s_floor.o)
                0x0800f0b0                floor
 .text.scalbn   0x0800f1a8       0xfc e:/env/gcc-arm-none-eabi-10.3-2021.10/bin/../lib/gcc/arm-none-eabi/10.3.1/../../../../arm-none-eabi/lib/thumb/v7-m/nofp\libm.a(lib_a-s_scalbn.o)
                0x0800f1a8                scalbn
 .text.unlikely
                0x0800f2a4        0xc e:/env/gcc-arm-none-eabi-10.3-2021.10/bin/../lib/gcc/arm-none-eabi/10.3.1/thumb/v7-m/nofp\libgcc.a(pr-support.o)
                0x0800f2a4                _Unwind_GetDataRelBase
                0x0800f2aa                _Unwind_GetTextRelBase
 .text.abort    0x0800f2b0       0x10 e:/env/gcc-arm-none-eabi-10.3-2021.10/bin/../lib/gcc/arm-none-eabi/10.3.1/../../../../arm-none-eabi/lib/thumb/v7-m/nofp\libg.a(lib_a-abort.o)
                0x0800f2b0                abort
 .text.calloc   0x0800f2c0       0x14 e:/env/gcc-arm-none-eabi-10.3-2021.10/bin/../lib/gcc/arm-none-eabi/10.3.1/../../../../arm-none-eabi/lib/thumb/v7-m/nofp\libg.a(lib_a-calloc.o)
                0x0800f2c0                calloc
 .text._calloc_r
                0x0800f2d4       0x78 e:/env/gcc-arm-none-eabi-10.3-2021.10/bin/../lib/gcc/arm-none-eabi/10.3.1/../../../../arm-none-eabi/lib/thumb/v7-m/nofp\libg.a(lib_a-callocr.o)
                0x0800f2d4                _calloc_r
 .text.__cxa_atexit
                0x0800f34c       0x18 e:/env/gcc-arm-none-eabi-10.3-2021.10/bin/../lib/gcc/arm-none-eabi/10.3.1/../../../../arm-none-eabi/lib/thumb/v7-m/nofp\libg.a(lib_a-cxa_atexit.o)
                0x0800f34c                __cxa_atexit
 .text.__errno  0x0800f364        0xc e:/env/gcc-arm-none-eabi-10.3-2021.10/bin/../lib/gcc/arm-none-eabi/10.3.1/../../../../arm-none-eabi/lib/thumb/v7-m/nofp\libg.a(lib_a-errno.o)
                0x0800f364                __errno
 .text.fputc    0x0800f370       0x58 e:/env/gcc-arm-none-eabi-10.3-2021.10/bin/../lib/gcc/arm-none-eabi/10.3.1/../../../../arm-none-eabi/lib/thumb/v7-m/nofp\libg.a(lib_a-fputc.o)
                0x0800f370                fputc
 .text._fputs_r
                0x0800f3c8       0x88 e:/env/gcc-arm-none-eabi-10.3-2021.10/bin/../lib/gcc/arm-none-eabi/10.3.1/../../../../arm-none-eabi/lib/thumb/v7-m/nofp\libg.a(lib_a-fputs.o)
                0x0800f3c8                _fputs_r
 .text.fputs    0x0800f450       0x14 e:/env/gcc-arm-none-eabi-10.3-2021.10/bin/../lib/gcc/arm-none-eabi/10.3.1/../../../../arm-none-eabi/lib/thumb/v7-m/nofp\libg.a(lib_a-fputs.o)
                0x0800f450                fputs
 .text.__sfvwrite_r
                0x0800f464      0x2f0 e:/env/gcc-arm-none-eabi-10.3-2021.10/bin/../lib/gcc/arm-none-eabi/10.3.1/../../../../arm-none-eabi/lib/thumb/v7-m/nofp\libg.a(lib_a-fvwrite.o)
                0x0800f464                __sfvwrite_r
 .text._fwrite_r
                0x0800f754       0xa8 e:/env/gcc-arm-none-eabi-10.3-2021.10/bin/../lib/gcc/arm-none-eabi/10.3.1/../../../../arm-none-eabi/lib/thumb/v7-m/nofp\libg.a(lib_a-fwrite.o)
                0x0800f754                _fwrite_r
 .text.fwrite   0x0800f7fc       0x24 e:/env/gcc-arm-none-eabi-10.3-2021.10/bin/../lib/gcc/arm-none-eabi/10.3.1/../../../../arm-none-eabi/lib/thumb/v7-m/nofp\libg.a(lib_a-fwrite.o)
                0x0800f7fc                fwrite
 .text.__libc_init_array
                0x0800f820       0x48 e:/env/gcc-arm-none-eabi-10.3-2021.10/bin/../lib/gcc/arm-none-eabi/10.3.1/../../../../arm-none-eabi/lib/thumb/v7-m/nofp\libg.a(lib_a-init.o)
                0x0800f820                __libc_init_array
 .text.__retarget_lock_init_recursive
                0x0800f868        0x4 e:/env/gcc-arm-none-eabi-10.3-2021.10/bin/../lib/gcc/arm-none-eabi/10.3.1/../../../../arm-none-eabi/lib/thumb/v7-m/nofp\libg.a(lib_a-lock.o)
                0x0800f868                __retarget_lock_init_recursive
 .text.__retarget_lock_close_recursive
                0x0800f86c        0x4 e:/env/gcc-arm-none-eabi-10.3-2021.10/bin/../lib/gcc/arm-none-eabi/10.3.1/../../../../arm-none-eabi/lib/thumb/v7-m/nofp\libg.a(lib_a-lock.o)
                0x0800f86c                __retarget_lock_close_recursive
 .text.__retarget_lock_acquire_recursive
                0x0800f870        0x4 e:/env/gcc-arm-none-eabi-10.3-2021.10/bin/../lib/gcc/arm-none-eabi/10.3.1/../../../../arm-none-eabi/lib/thumb/v7-m/nofp\libg.a(lib_a-lock.o)
                0x0800f870                __retarget_lock_acquire_recursive
 .text.__retarget_lock_release_recursive
                0x0800f874        0x4 e:/env/gcc-arm-none-eabi-10.3-2021.10/bin/../lib/gcc/arm-none-eabi/10.3.1/../../../../arm-none-eabi/lib/thumb/v7-m/nofp\libg.a(lib_a-lock.o)
                0x0800f874                __retarget_lock_release_recursive
 .text.malloc   0x0800f878       0x10 e:/env/gcc-arm-none-eabi-10.3-2021.10/bin/../lib/gcc/arm-none-eabi/10.3.1/../../../../arm-none-eabi/lib/thumb/v7-m/nofp\libg.a(lib_a-malloc.o)
                0x0800f878                malloc
 .text.free     0x0800f888       0x10 e:/env/gcc-arm-none-eabi-10.3-2021.10/bin/../lib/gcc/arm-none-eabi/10.3.1/../../../../arm-none-eabi/lib/thumb/v7-m/nofp\libg.a(lib_a-malloc.o)
                0x0800f888                free
 .text._malloc_r
                0x0800f898      0x558 e:/env/gcc-arm-none-eabi-10.3-2021.10/bin/../lib/gcc/arm-none-eabi/10.3.1/../../../../arm-none-eabi/lib/thumb/v7-m/nofp\libg.a(lib_a-mallocr.o)
                0x0800f898                _malloc_r
 .text.memchr   0x0800fdf0       0x90 e:/env/gcc-arm-none-eabi-10.3-2021.10/bin/../lib/gcc/arm-none-eabi/10.3.1/../../../../arm-none-eabi/lib/thumb/v7-m/nofp\libg.a(lib_a-memchr-stub.o)
                0x0800fdf0                memchr
 .text.memcmp   0x0800fe80       0x68 e:/env/gcc-arm-none-eabi-10.3-2021.10/bin/../lib/gcc/arm-none-eabi/10.3.1/../../../../arm-none-eabi/lib/thumb/v7-m/nofp\libg.a(lib_a-memcmp.o)
                0x0800fe80                memcmp
 .text.memmove  0x0800fee8       0xf8 e:/env/gcc-arm-none-eabi-10.3-2021.10/bin/../lib/gcc/arm-none-eabi/10.3.1/../../../../arm-none-eabi/lib/thumb/v7-m/nofp\libg.a(lib_a-memmove.o)
                0x0800fee8                memmove
 .text.memset   0x0800ffe0       0xa4 e:/env/gcc-arm-none-eabi-10.3-2021.10/bin/../lib/gcc/arm-none-eabi/10.3.1/../../../../arm-none-eabi/lib/thumb/v7-m/nofp\libg.a(lib_a-memset.o)
                0x0800ffe0                memset
 .text.__malloc_lock
                0x08010084        0xc e:/env/gcc-arm-none-eabi-10.3-2021.10/bin/../lib/gcc/arm-none-eabi/10.3.1/../../../../arm-none-eabi/lib/thumb/v7-m/nofp\libg.a(lib_a-mlock.o)
                0x08010084                __malloc_lock
 .text.__malloc_unlock
                0x08010090        0xc e:/env/gcc-arm-none-eabi-10.3-2021.10/bin/../lib/gcc/arm-none-eabi/10.3.1/../../../../arm-none-eabi/lib/thumb/v7-m/nofp\libg.a(lib_a-mlock.o)
                0x08010090                __malloc_unlock
 .text._putc_r  0x0801009c       0x74 e:/env/gcc-arm-none-eabi-10.3-2021.10/bin/../lib/gcc/arm-none-eabi/10.3.1/../../../../arm-none-eabi/lib/thumb/v7-m/nofp\libg.a(lib_a-putc.o)
                0x0801009c                _putc_r
 .text.realloc  0x08010110       0x14 e:/env/gcc-arm-none-eabi-10.3-2021.10/bin/../lib/gcc/arm-none-eabi/10.3.1/../../../../arm-none-eabi/lib/thumb/v7-m/nofp\libg.a(lib_a-realloc.o)
                0x08010110                realloc
 .text._realloc_r
                0x08010124      0x3dc e:/env/gcc-arm-none-eabi-10.3-2021.10/bin/../lib/gcc/arm-none-eabi/10.3.1/../../../../arm-none-eabi/lib/thumb/v7-m/nofp\libg.a(lib_a-reallocr.o)
                0x08010124                _realloc_r
 .text._sbrk_r  0x08010500       0x24 e:/env/gcc-arm-none-eabi-10.3-2021.10/bin/../lib/gcc/arm-none-eabi/10.3.1/../../../../arm-none-eabi/lib/thumb/v7-m/nofp\libg.a(lib_a-sbrkr.o)
                0x08010500                _sbrk_r
 .text.raise    0x08010524       0x5c e:/env/gcc-arm-none-eabi-10.3-2021.10/bin/../lib/gcc/arm-none-eabi/10.3.1/../../../../arm-none-eabi/lib/thumb/v7-m/nofp\libg.a(lib_a-signal.o)
                0x08010524                raise
 .text._kill_r  0x08010580       0x28 e:/env/gcc-arm-none-eabi-10.3-2021.10/bin/../lib/gcc/arm-none-eabi/10.3.1/../../../../arm-none-eabi/lib/thumb/v7-m/nofp\libg.a(lib_a-signalr.o)
                0x08010580                _kill_r
 .text._getpid_r
                0x080105a8        0x4 e:/env/gcc-arm-none-eabi-10.3-2021.10/bin/../lib/gcc/arm-none-eabi/10.3.1/../../../../arm-none-eabi/lib/thumb/v7-m/nofp\libg.a(lib_a-signalr.o)
                0x080105a8                _getpid_r
 .text.sprintf  0x080105ac       0x44 e:/env/gcc-arm-none-eabi-10.3-2021.10/bin/../lib/gcc/arm-none-eabi/10.3.1/../../../../arm-none-eabi/lib/thumb/v7-m/nofp\libg.a(lib_a-sprintf.o)
                0x080105ac                sprintf
 .text.strlen   0x080105f0       0x5c e:/env/gcc-arm-none-eabi-10.3-2021.10/bin/../lib/gcc/arm-none-eabi/10.3.1/../../../../arm-none-eabi/lib/thumb/v7-m/nofp\libg.a(lib_a-strlen-stub.o)
                0x080105f0                strlen
 .text.strncmp  0x0801064c       0x7c e:/env/gcc-arm-none-eabi-10.3-2021.10/bin/../lib/gcc/arm-none-eabi/10.3.1/../../../../arm-none-eabi/lib/thumb/v7-m/nofp\libg.a(lib_a-strncmp.o)
                0x0801064c                strncmp
 .text._svfprintf_r
                0x080106c8     0x1aa4 e:/env/gcc-arm-none-eabi-10.3-2021.10/bin/../lib/gcc/arm-none-eabi/10.3.1/../../../../arm-none-eabi/lib/thumb/v7-m/nofp\libg.a(lib_a-svfprintf.o)
                0x080106c8                _svfprintf_r
 .text.write    0x0801216c       0x1c e:/env/gcc-arm-none-eabi-10.3-2021.10/bin/../lib/gcc/arm-none-eabi/10.3.1/../../../../arm-none-eabi/lib/thumb/v7-m/nofp\libg.a(lib_a-syswrite.o)
                0x0801216c                write
 .text.__swbuf_r
                0x08012188       0xb0 e:/env/gcc-arm-none-eabi-10.3-2021.10/bin/../lib/gcc/arm-none-eabi/10.3.1/../../../../arm-none-eabi/lib/thumb/v7-m/nofp\libg.a(lib_a-wbuf.o)
                0x08012188                __swbuf_r
 .text._write_r
                0x08012238       0x2c e:/env/gcc-arm-none-eabi-10.3-2021.10/bin/../lib/gcc/arm-none-eabi/10.3.1/../../../../arm-none-eabi/lib/thumb/v7-m/nofp\libg.a(lib_a-writer.o)
                0x08012238                _write_r
 .text.__swsetup_r
                0x08012264       0xd4 e:/env/gcc-arm-none-eabi-10.3-2021.10/bin/../lib/gcc/arm-none-eabi/10.3.1/../../../../arm-none-eabi/lib/thumb/v7-m/nofp\libg.a(lib_a-wsetup.o)
                0x08012264                __swsetup_r
 .text.__register_exitproc
                0x08012338       0x8c e:/env/gcc-arm-none-eabi-10.3-2021.10/bin/../lib/gcc/arm-none-eabi/10.3.1/../../../../arm-none-eabi/lib/thumb/v7-m/nofp\libg.a(lib_a-__atexit.o)
                0x08012338                __register_exitproc
 .text.startup.register_fini
                0x080123c4       0x14 e:/env/gcc-arm-none-eabi-10.3-2021.10/bin/../lib/gcc/arm-none-eabi/10.3.1/../../../../arm-none-eabi/lib/thumb/v7-m/nofp\libg.a(lib_a-__call_atexit.o)
 .text.atexit   0x080123d8        0xc e:/env/gcc-arm-none-eabi-10.3-2021.10/bin/../lib/gcc/arm-none-eabi/10.3.1/../../../../arm-none-eabi/lib/thumb/v7-m/nofp\libg.a(lib_a-atexit.o)
                0x080123d8                atexit
 .text.quorem   0x080123e4      0x12c e:/env/gcc-arm-none-eabi-10.3-2021.10/bin/../lib/gcc/arm-none-eabi/10.3.1/../../../../arm-none-eabi/lib/thumb/v7-m/nofp\libg.a(lib_a-dtoa.o)
 .text._dtoa_r  0x08012510      0xecc e:/env/gcc-arm-none-eabi-10.3-2021.10/bin/../lib/gcc/arm-none-eabi/10.3.1/../../../../arm-none-eabi/lib/thumb/v7-m/nofp\libg.a(lib_a-dtoa.o)
                0x08012510                _dtoa_r
 .text.__sflush_r
                0x080133dc      0x124 e:/env/gcc-arm-none-eabi-10.3-2021.10/bin/../lib/gcc/arm-none-eabi/10.3.1/../../../../arm-none-eabi/lib/thumb/v7-m/nofp\libg.a(lib_a-fflush.o)
                0x080133dc                __sflush_r
 .text._fflush_r
                0x08013500       0x5c e:/env/gcc-arm-none-eabi-10.3-2021.10/bin/../lib/gcc/arm-none-eabi/10.3.1/../../../../arm-none-eabi/lib/thumb/v7-m/nofp\libg.a(lib_a-fflush.o)
                0x08013500                _fflush_r
 .text._cleanup_r
                0x0801355c        0xc e:/env/gcc-arm-none-eabi-10.3-2021.10/bin/../lib/gcc/arm-none-eabi/10.3.1/../../../../arm-none-eabi/lib/thumb/v7-m/nofp\libg.a(lib_a-findfp.o)
                0x0801355c                _cleanup_r
 .text.__sinit  0x08013568      0x10c e:/env/gcc-arm-none-eabi-10.3-2021.10/bin/../lib/gcc/arm-none-eabi/10.3.1/../../../../arm-none-eabi/lib/thumb/v7-m/nofp\libg.a(lib_a-findfp.o)
                0x08013568                __sinit
 .text.__sfp_lock_acquire
                0x08013674        0xc e:/env/gcc-arm-none-eabi-10.3-2021.10/bin/../lib/gcc/arm-none-eabi/10.3.1/../../../../arm-none-eabi/lib/thumb/v7-m/nofp\libg.a(lib_a-findfp.o)
                0x08013674                __sfp_lock_acquire
 .text.__sfp_lock_release
                0x08013680        0xc e:/env/gcc-arm-none-eabi-10.3-2021.10/bin/../lib/gcc/arm-none-eabi/10.3.1/../../../../arm-none-eabi/lib/thumb/v7-m/nofp\libg.a(lib_a-findfp.o)
                0x08013680                __sfp_lock_release
 .text.__libc_fini_array
                0x0801368c       0x2c e:/env/gcc-arm-none-eabi-10.3-2021.10/bin/../lib/gcc/arm-none-eabi/10.3.1/../../../../arm-none-eabi/lib/thumb/v7-m/nofp\libg.a(lib_a-fini.o)
                0x0801368c                __libc_fini_array
 .text._malloc_trim_r
                0x080136b8       0xa0 e:/env/gcc-arm-none-eabi-10.3-2021.10/bin/../lib/gcc/arm-none-eabi/10.3.1/../../../../arm-none-eabi/lib/thumb/v7-m/nofp\libg.a(lib_a-freer.o)
                0x080136b8                _malloc_trim_r
 .text._free_r  0x08013758      0x200 e:/env/gcc-arm-none-eabi-10.3-2021.10/bin/../lib/gcc/arm-none-eabi/10.3.1/../../../../arm-none-eabi/lib/thumb/v7-m/nofp\libg.a(lib_a-freer.o)
                0x08013758                _free_r
 .text._fwalk_reent
                0x08013958       0x48 e:/env/gcc-arm-none-eabi-10.3-2021.10/bin/../lib/gcc/arm-none-eabi/10.3.1/../../../../arm-none-eabi/lib/thumb/v7-m/nofp\libg.a(lib_a-fwalk.o)
                0x08013958                _fwalk_reent
 .text._localeconv_r
                0x080139a0        0x8 e:/env/gcc-arm-none-eabi-10.3-2021.10/bin/../lib/gcc/arm-none-eabi/10.3.1/../../../../arm-none-eabi/lib/thumb/v7-m/nofp\libg.a(lib_a-localeconv.o)
                0x080139a0                _localeconv_r
 .text.__smakebuf_r
                0x080139a8       0xe0 e:/env/gcc-arm-none-eabi-10.3-2021.10/bin/../lib/gcc/arm-none-eabi/10.3.1/../../../../arm-none-eabi/lib/thumb/v7-m/nofp\libg.a(lib_a-makebuf.o)
                0x080139a8                __smakebuf_r
 .text._Balloc  0x08013a88       0x4c e:/env/gcc-arm-none-eabi-10.3-2021.10/bin/../lib/gcc/arm-none-eabi/10.3.1/../../../../arm-none-eabi/lib/thumb/v7-m/nofp\libg.a(lib_a-mprec.o)
                0x08013a88                _Balloc
 .text._Bfree   0x08013ad4       0x14 e:/env/gcc-arm-none-eabi-10.3-2021.10/bin/../lib/gcc/arm-none-eabi/10.3.1/../../../../arm-none-eabi/lib/thumb/v7-m/nofp\libg.a(lib_a-mprec.o)
                0x08013ad4                _Bfree
 .text.__multadd
                0x08013ae8       0xa4 e:/env/gcc-arm-none-eabi-10.3-2021.10/bin/../lib/gcc/arm-none-eabi/10.3.1/../../../../arm-none-eabi/lib/thumb/v7-m/nofp\libg.a(lib_a-mprec.o)
                0x08013ae8                __multadd
 .text.__hi0bits
                0x08013b8c       0x40 e:/env/gcc-arm-none-eabi-10.3-2021.10/bin/../lib/gcc/arm-none-eabi/10.3.1/../../../../arm-none-eabi/lib/thumb/v7-m/nofp\libg.a(lib_a-mprec.o)
                0x08013b8c                __hi0bits
 .text.__lo0bits
                0x08013bcc       0x58 e:/env/gcc-arm-none-eabi-10.3-2021.10/bin/../lib/gcc/arm-none-eabi/10.3.1/../../../../arm-none-eabi/lib/thumb/v7-m/nofp\libg.a(lib_a-mprec.o)
                0x08013bcc                __lo0bits
 .text.__i2b    0x08013c24       0x5c e:/env/gcc-arm-none-eabi-10.3-2021.10/bin/../lib/gcc/arm-none-eabi/10.3.1/../../../../arm-none-eabi/lib/thumb/v7-m/nofp\libg.a(lib_a-mprec.o)
                0x08013c24                __i2b
 .text.__multiply
                0x08013c80      0x15c e:/env/gcc-arm-none-eabi-10.3-2021.10/bin/../lib/gcc/arm-none-eabi/10.3.1/../../../../arm-none-eabi/lib/thumb/v7-m/nofp\libg.a(lib_a-mprec.o)
                0x08013c80                __multiply
 .text.__pow5mult
                0x08013ddc       0xb8 e:/env/gcc-arm-none-eabi-10.3-2021.10/bin/../lib/gcc/arm-none-eabi/10.3.1/../../../../arm-none-eabi/lib/thumb/v7-m/nofp\libg.a(lib_a-mprec.o)
                0x08013ddc                __pow5mult
 .text.__lshift
                0x08013e94       0xec e:/env/gcc-arm-none-eabi-10.3-2021.10/bin/../lib/gcc/arm-none-eabi/10.3.1/../../../../arm-none-eabi/lib/thumb/v7-m/nofp\libg.a(lib_a-mprec.o)
                0x08013e94                __lshift
 .text.__mcmp   0x08013f80       0x40 e:/env/gcc-arm-none-eabi-10.3-2021.10/bin/../lib/gcc/arm-none-eabi/10.3.1/../../../../arm-none-eabi/lib/thumb/v7-m/nofp\libg.a(lib_a-mprec.o)
                0x08013f80                __mcmp
 .text.__mdiff  0x08013fc0      0x14c e:/env/gcc-arm-none-eabi-10.3-2021.10/bin/../lib/gcc/arm-none-eabi/10.3.1/../../../../arm-none-eabi/lib/thumb/v7-m/nofp\libg.a(lib_a-mprec.o)
                0x08013fc0                __mdiff
 .text.__d2b    0x0801410c       0xc4 e:/env/gcc-arm-none-eabi-10.3-2021.10/bin/../lib/gcc/arm-none-eabi/10.3.1/../../../../arm-none-eabi/lib/thumb/v7-m/nofp\libg.a(lib_a-mprec.o)
                0x0801410c                __d2b
 .text.frexp    0x080141d0       0x70 e:/env/gcc-arm-none-eabi-10.3-2021.10/bin/../lib/gcc/arm-none-eabi/10.3.1/../../../../arm-none-eabi/lib/thumb/v7-m/nofp\libg.a(lib_a-s_frexp.o)
                0x080141d0                frexp
 .text.__sread  0x08014240       0x24 e:/env/gcc-arm-none-eabi-10.3-2021.10/bin/../lib/gcc/arm-none-eabi/10.3.1/../../../../arm-none-eabi/lib/thumb/v7-m/nofp\libg.a(lib_a-stdio.o)
                0x08014240                __sread
 .text.__swrite
                0x08014264       0x40 e:/env/gcc-arm-none-eabi-10.3-2021.10/bin/../lib/gcc/arm-none-eabi/10.3.1/../../../../arm-none-eabi/lib/thumb/v7-m/nofp\libg.a(lib_a-stdio.o)
                0x08014264                __swrite
 .text.__sseek  0x080142a4       0x20 e:/env/gcc-arm-none-eabi-10.3-2021.10/bin/../lib/gcc/arm-none-eabi/10.3.1/../../../../arm-none-eabi/lib/thumb/v7-m/nofp\libg.a(lib_a-stdio.o)
                0x080142a4                __sseek
 .text.__sclose
                0x080142c4        0x8 e:/env/gcc-arm-none-eabi-10.3-2021.10/bin/../lib/gcc/arm-none-eabi/10.3.1/../../../../arm-none-eabi/lib/thumb/v7-m/nofp\libg.a(lib_a-stdio.o)
                0x080142c4                __sclose
 .text.strncpy  0x080142cc       0x68 e:/env/gcc-arm-none-eabi-10.3-2021.10/bin/../lib/gcc/arm-none-eabi/10.3.1/../../../../arm-none-eabi/lib/thumb/v7-m/nofp\libg.a(lib_a-strncpy.o)
                0x080142cc                strncpy
 .text.__ssprint_r
                0x08014334       0xfc e:/env/gcc-arm-none-eabi-10.3-2021.10/bin/../lib/gcc/arm-none-eabi/10.3.1/../../../../arm-none-eabi/lib/thumb/v7-m/nofp\libg.a(lib_a-svfiprintf.o)
                0x08014334                __ssprint_r
 .text.__assert_func
                0x08014430       0x40 e:/env/gcc-arm-none-eabi-10.3-2021.10/bin/../lib/gcc/arm-none-eabi/10.3.1/../../../../arm-none-eabi/lib/thumb/v7-m/nofp\libg.a(lib_a-assert.o)
                0x08014430                __assert_func
 .text._close_r
                0x08014470       0x24 e:/env/gcc-arm-none-eabi-10.3-2021.10/bin/../lib/gcc/arm-none-eabi/10.3.1/../../../../arm-none-eabi/lib/thumb/v7-m/nofp\libg.a(lib_a-closer.o)
                0x08014470                _close_r
 .text._fclose_r
                0x08014494       0xcc e:/env/gcc-arm-none-eabi-10.3-2021.10/bin/../lib/gcc/arm-none-eabi/10.3.1/../../../../arm-none-eabi/lib/thumb/v7-m/nofp\libg.a(lib_a-fclose.o)
                0x08014494                _fclose_r
 .text.fiprintf
                0x08014560       0x28 e:/env/gcc-arm-none-eabi-10.3-2021.10/bin/../lib/gcc/arm-none-eabi/10.3.1/../../../../arm-none-eabi/lib/thumb/v7-m/nofp\libg.a(lib_a-fiprintf.o)
                0x08014560                fiprintf
 .text._fstat_r
                0x08014588       0x28 e:/env/gcc-arm-none-eabi-10.3-2021.10/bin/../lib/gcc/arm-none-eabi/10.3.1/../../../../arm-none-eabi/lib/thumb/v7-m/nofp\libg.a(lib_a-fstatr.o)
                0x08014588                _fstat_r
 .text._isatty_r
                0x080145b0       0x24 e:/env/gcc-arm-none-eabi-10.3-2021.10/bin/../lib/gcc/arm-none-eabi/10.3.1/../../../../arm-none-eabi/lib/thumb/v7-m/nofp\libg.a(lib_a-isattyr.o)
                0x080145b0                _isatty_r
 .text.__locale_mb_cur_max
                0x080145d4        0xc e:/env/gcc-arm-none-eabi-10.3-2021.10/bin/../lib/gcc/arm-none-eabi/10.3.1/../../../../arm-none-eabi/lib/thumb/v7-m/nofp\libg.a(lib_a-locale.o)
                0x080145d4                __locale_mb_cur_max
 .text._lseek_r
                0x080145e0       0x2c e:/env/gcc-arm-none-eabi-10.3-2021.10/bin/../lib/gcc/arm-none-eabi/10.3.1/../../../../arm-none-eabi/lib/thumb/v7-m/nofp\libg.a(lib_a-lseekr.o)
                0x080145e0                _lseek_r
 .text.__ascii_mbtowc
                0x0801460c       0x2c e:/env/gcc-arm-none-eabi-10.3-2021.10/bin/../lib/gcc/arm-none-eabi/10.3.1/../../../../arm-none-eabi/lib/thumb/v7-m/nofp\libg.a(lib_a-mbtowc_r.o)
                0x0801460c                __ascii_mbtowc
 .text._read_r  0x08014638       0x2c e:/env/gcc-arm-none-eabi-10.3-2021.10/bin/../lib/gcc/arm-none-eabi/10.3.1/../../../../arm-none-eabi/lib/thumb/v7-m/nofp\libg.a(lib_a-readr.o)
                0x08014638                _read_r
 .text.__sprint_r.part.0
                0x08014664       0x78 e:/env/gcc-arm-none-eabi-10.3-2021.10/bin/../lib/gcc/arm-none-eabi/10.3.1/../../../../arm-none-eabi/lib/thumb/v7-m/nofp\libg.a(lib_a-vfiprintf.o)
 .text._vfiprintf_r
                0x080146dc      0xd98 e:/env/gcc-arm-none-eabi-10.3-2021.10/bin/../lib/gcc/arm-none-eabi/10.3.1/../../../../arm-none-eabi/lib/thumb/v7-m/nofp\libg.a(lib_a-vfiprintf.o)
                0x080146dc                _vfiprintf_r
 .text.__sbprintf
                0x08015474       0x84 e:/env/gcc-arm-none-eabi-10.3-2021.10/bin/../lib/gcc/arm-none-eabi/10.3.1/../../../../arm-none-eabi/lib/thumb/v7-m/nofp\libg.a(lib_a-vfiprintf.o)
 .text.__ascii_wctomb
                0x080154f8       0x1c e:/env/gcc-arm-none-eabi-10.3-2021.10/bin/../lib/gcc/arm-none-eabi/10.3.1/../../../../arm-none-eabi/lib/thumb/v7-m/nofp\libg.a(lib_a-wctomb_r.o)
                0x080154f8                __ascii_wctomb
 .text.__fputwc
                0x08015514       0xa0 e:/env/gcc-arm-none-eabi-10.3-2021.10/bin/../lib/gcc/arm-none-eabi/10.3.1/../../../../arm-none-eabi/lib/thumb/v7-m/nofp\libg.a(lib_a-fputwc.o)
                0x08015514                __fputwc
 .text._fputwc_r
                0x080155b4       0x68 e:/env/gcc-arm-none-eabi-10.3-2021.10/bin/../lib/gcc/arm-none-eabi/10.3.1/../../../../arm-none-eabi/lib/thumb/v7-m/nofp\libg.a(lib_a-fputwc.o)
                0x080155b4                _fputwc_r
 .text._wcrtomb_r
                0x0801561c       0x3c e:/env/gcc-arm-none-eabi-10.3-2021.10/bin/../lib/gcc/arm-none-eabi/10.3.1/../../../../arm-none-eabi/lib/thumb/v7-m/nofp\libg.a(lib_a-wcrtomb.o)
                0x0801561c                _wcrtomb_r
 *(.glue_7)
 .glue_7        0x08015658        0x0 linker stubs
 *(.glue_7t)
 .glue_7t       0x08015658        0x0 linker stubs
 *(.eh_frame)
 .eh_frame      0x08015658        0x0 e:/env/gcc-arm-none-eabi-10.3-2021.10/bin/../lib/gcc/arm-none-eabi/10.3.1/thumb/v7-m/nofp/crtbegin.o
 *(.init)
 .init          0x08015658        0x4 e:/env/gcc-arm-none-eabi-10.3-2021.10/bin/../lib/gcc/arm-none-eabi/10.3.1/thumb/v7-m/nofp/crti.o
                0x08015658                _init
 .init          0x0801565c        0x8 e:/env/gcc-arm-none-eabi-10.3-2021.10/bin/../lib/gcc/arm-none-eabi/10.3.1/thumb/v7-m/nofp/crtn.o
 *(.fini)
 .fini          0x08015664        0x4 e:/env/gcc-arm-none-eabi-10.3-2021.10/bin/../lib/gcc/arm-none-eabi/10.3.1/thumb/v7-m/nofp/crti.o
                0x08015664                _fini
 .fini          0x08015668        0x8 e:/env/gcc-arm-none-eabi-10.3-2021.10/bin/../lib/gcc/arm-none-eabi/10.3.1/thumb/v7-m/nofp/crtn.o
                0x08015670                . = ALIGN (0x4)
                0x08015670                _etext = .

.vfp11_veneer   0x08015670        0x0
 .vfp11_veneer  0x08015670        0x0 linker stubs

.v4_bx          0x08015670        0x0
 .v4_bx         0x08015670        0x0 linker stubs

.iplt           0x08015670        0x0
 .iplt          0x08015670        0x0 e:/env/gcc-arm-none-eabi-10.3-2021.10/bin/../lib/gcc/arm-none-eabi/10.3.1/thumb/v7-m/nofp/crtbegin.o

.rodata         0x08015670     0x1bc4
                0x08015670                . = ALIGN (0x4)
 *(.rodata)
 .rodata        0x08015670      0x7cc e:/env/gcc-arm-none-eabi-10.3-2021.10/bin/../lib/gcc/arm-none-eabi/10.3.1/../../../../arm-none-eabi/lib/thumb/v7-m/nofp\libstdc++.a(cp-demangle.o)
 *(.rodata*)
 .rodata.AHBPrescTable
                0x08015e3c       0x10 CMakeFiles/STM32F101_LCD.elf.dir/Core/Src/system_stm32f1xx.c.obj
                0x08015e3c                AHBPrescTable
 .rodata.APBPrescTable
                0x08015e4c        0x8 CMakeFiles/STM32F101_LCD.elf.dir/Core/Src/system_stm32f1xx.c.obj
                0x08015e4c                APBPrescTable
 .rodata.HAL_RCC_GetSysClockFreq.str1.4
                0x08015e54       0x11 CMakeFiles/STM32F101_LCD.elf.dir/Drivers/STM32F1xx_HAL_Driver/Src/stm32f1xx_hal_rcc.c.obj
 *fill*         0x08015e65        0x3 
 .rodata._ZN17c_bitmap_operator10draw_imageEP9c_surfaceiPKviiiiiij.str1.4
                0x08015e68       0x3b CMakeFiles/STM32F101_LCD.elf.dir/UICode/UIcode.cpp.obj
 *fill*         0x08015ea3        0x1 
 .rodata._ZN17c_lattice_font_op18draw_value_in_rectEP9c_surfaceiii6c_rectPKvjjj.str1.4
                0x08015ea4       0x19 CMakeFiles/STM32F101_LCD.elf.dir/UICode/UIcode.cpp.obj
 *fill*         0x08015ebd        0x3 
 .rodata._ZN17c_keyboard_button8on_paintEv.str1.4
                0x08015ec0       0x29 CMakeFiles/STM32F101_LCD.elf.dir/UICode/UIcode.cpp.obj
                                 0x2d (size before relaxing)
 *fill*         0x08015ee9        0x3 
 .rodata._ZTS9c_display
                0x08015eec        0xb CMakeFiles/STM32F101_LCD.elf.dir/UICode/UIcode.cpp.obj
                0x08015eec                typeinfo name for c_display
 *fill*         0x08015ef7        0x1 
 .rodata._ZTI9c_display
                0x08015ef8        0x8 CMakeFiles/STM32F101_LCD.elf.dir/UICode/UIcode.cpp.obj
                0x08015ef8                typeinfo for c_display
 .rodata._ZTS9c_surface
                0x08015f00        0xb CMakeFiles/STM32F101_LCD.elf.dir/UICode/UIcode.cpp.obj
                0x08015f00                typeinfo name for c_surface
 *fill*         0x08015f0b        0x1 
 .rodata._ZTI9c_surface
                0x08015f0c        0x8 CMakeFiles/STM32F101_LCD.elf.dir/UICode/UIcode.cpp.obj
                0x08015f0c                typeinfo for c_surface
 .rodata._ZTS15c_font_operator
                0x08015f14       0x12 CMakeFiles/STM32F101_LCD.elf.dir/UICode/UIcode.cpp.obj
                0x08015f14                typeinfo name for c_font_operator
 *fill*         0x08015f26        0x2 
 .rodata._ZTI15c_font_operator
                0x08015f28        0x8 CMakeFiles/STM32F101_LCD.elf.dir/UICode/UIcode.cpp.obj
                0x08015f28                typeinfo for c_font_operator
 .rodata._ZTS17c_lattice_font_op
                0x08015f30       0x14 CMakeFiles/STM32F101_LCD.elf.dir/UICode/UIcode.cpp.obj
                0x08015f30                typeinfo name for c_lattice_font_op
 .rodata._ZTI17c_lattice_font_op
                0x08015f44        0xc CMakeFiles/STM32F101_LCD.elf.dir/UICode/UIcode.cpp.obj
                0x08015f44                typeinfo for c_lattice_font_op
 .rodata._ZTS5c_wnd
                0x08015f50        0x7 CMakeFiles/STM32F101_LCD.elf.dir/UICode/UIcode.cpp.obj
                0x08015f50                typeinfo name for c_wnd
 *fill*         0x08015f57        0x1 
 .rodata._ZTI5c_wnd
                0x08015f58        0x8 CMakeFiles/STM32F101_LCD.elf.dir/UICode/UIcode.cpp.obj
                0x08015f58                typeinfo for c_wnd
 .rodata._ZTS8c_button
                0x08015f60        0xa CMakeFiles/STM32F101_LCD.elf.dir/UICode/UIcode.cpp.obj
                0x08015f60                typeinfo name for c_button
 *fill*         0x08015f6a        0x2 
 .rodata._ZTI8c_button
                0x08015f6c        0xc CMakeFiles/STM32F101_LCD.elf.dir/UICode/UIcode.cpp.obj
                0x08015f6c                typeinfo for c_button
 .rodata._ZTS10c_keyboard
                0x08015f78        0xd CMakeFiles/STM32F101_LCD.elf.dir/UICode/UIcode.cpp.obj
                0x08015f78                typeinfo name for c_keyboard
 *fill*         0x08015f85        0x3 
 .rodata._ZTI10c_keyboard
                0x08015f88        0xc CMakeFiles/STM32F101_LCD.elf.dir/UICode/UIcode.cpp.obj
                0x08015f88                typeinfo for c_keyboard
 .rodata._ZTS17c_keyboard_button
                0x08015f94       0x14 CMakeFiles/STM32F101_LCD.elf.dir/UICode/UIcode.cpp.obj
                0x08015f94                typeinfo name for c_keyboard_button
 .rodata._ZTI17c_keyboard_button
                0x08015fa8        0xc CMakeFiles/STM32F101_LCD.elf.dir/UICode/UIcode.cpp.obj
                0x08015fa8                typeinfo for c_keyboard_button
 .rodata._ZTS5Shape
                0x08015fb4        0x7 CMakeFiles/STM32F101_LCD.elf.dir/UICode/UIcode.cpp.obj
                0x08015fb4                typeinfo name for Shape
 *fill*         0x08015fbb        0x1 
 .rodata._ZTI5Shape
                0x08015fbc        0x8 CMakeFiles/STM32F101_LCD.elf.dir/UICode/UIcode.cpp.obj
                0x08015fbc                typeinfo for Shape
 .rodata._ZTS4Cube
                0x08015fc4        0x6 CMakeFiles/STM32F101_LCD.elf.dir/UICode/UIcode.cpp.obj
                0x08015fc4                typeinfo name for Cube
 *fill*         0x08015fca        0x2 
 .rodata._ZTI4Cube
                0x08015fcc        0xc CMakeFiles/STM32F101_LCD.elf.dir/UICode/UIcode.cpp.obj
                0x08015fcc                typeinfo for Cube
 .rodata._ZTS7Pyramid
                0x08015fd8        0x9 CMakeFiles/STM32F101_LCD.elf.dir/UICode/UIcode.cpp.obj
                0x08015fd8                typeinfo name for Pyramid
 *fill*         0x08015fe1        0x3 
 .rodata._ZTI7Pyramid
                0x08015fe4        0xc CMakeFiles/STM32F101_LCD.elf.dir/UICode/UIcode.cpp.obj
                0x08015fe4                typeinfo for Pyramid
 .rodata._ZTV9c_display
                0x08015ff0       0x14 CMakeFiles/STM32F101_LCD.elf.dir/UICode/UIcode.cpp.obj
                0x08015ff0                vtable for c_display
 .rodata._ZTV9c_surface
                0x08016004       0x18 CMakeFiles/STM32F101_LCD.elf.dir/UICode/UIcode.cpp.obj
                0x08016004                vtable for c_surface
 .rodata._ZTV17c_lattice_font_op
                0x0801601c       0x1c CMakeFiles/STM32F101_LCD.elf.dir/UICode/UIcode.cpp.obj
                0x0801601c                vtable for c_lattice_font_op
 .rodata._ZTV5c_wnd
                0x08016038       0x34 CMakeFiles/STM32F101_LCD.elf.dir/UICode/UIcode.cpp.obj
                0x08016038                vtable for c_wnd